Archive member included to satisfy reference by file (symbol)

/usr/lib/gcc/arm-none-eabi/10.3.1/thumb/v7e-m/nofp/libgcc.a(_arm_muldf3.o)
                              out/printf-stdarg.o (__aeabi_dmul)
/usr/lib/gcc/arm-none-eabi/10.3.1/thumb/v7e-m/nofp/libgcc.a(_arm_addsubdf3.o)
                              out/printf-stdarg.o (__aeabi_dsub)
/usr/lib/gcc/arm-none-eabi/10.3.1/thumb/v7e-m/nofp/libgcc.a(_arm_muldivdf3.o)
                              out/printf-stdarg.o (__aeabi_ddiv)
/usr/lib/gcc/arm-none-eabi/10.3.1/thumb/v7e-m/nofp/libgcc.a(_arm_cmpdf2.o)
                              out/printf-stdarg.o (__aeabi_dcmpeq)
/usr/lib/gcc/arm-none-eabi/10.3.1/thumb/v7e-m/nofp/libgcc.a(_arm_fixdfsi.o)
                              out/printf-stdarg.o (__aeabi_d2iz)
/usr/lib/gcc/arm-none-eabi/10.3.1/thumb/v7e-m/nofp/libgcc.a(_arm_fixunsdfsi.o)
                              out/printf-stdarg.o (__aeabi_d2uiz)
/usr/lib/gcc/arm-none-eabi/10.3.1/thumb/v7e-m/nofp/libgcc.a(_aeabi_uldivmod.o)
                              out/printf-stdarg.o (__aeabi_uldivmod)
/usr/lib/gcc/arm-none-eabi/10.3.1/thumb/v7e-m/nofp/libgcc.a(_udivmoddi4.o)
                              /usr/lib/gcc/arm-none-eabi/10.3.1/thumb/v7e-m/nofp/libgcc.a(_aeabi_uldivmod.o) (__udivmoddi4)
/usr/lib/gcc/arm-none-eabi/10.3.1/thumb/v7e-m/nofp/libgcc.a(_dvmd_tls.o)
                              /usr/lib/gcc/arm-none-eabi/10.3.1/thumb/v7e-m/nofp/libgcc.a(_aeabi_uldivmod.o) (__aeabi_ldiv0)
/usr/lib/gcc/arm-none-eabi/10.3.1/../../../arm-none-eabi/lib/thumb/v7e-m/nofp/libc.a(lib_a-atexit.o)
                              /usr/lib/gcc/arm-none-eabi/10.3.1/../../../arm-none-eabi/lib/thumb/v7e-m/nofp/crt0.o (atexit)
/usr/lib/gcc/arm-none-eabi/10.3.1/../../../arm-none-eabi/lib/thumb/v7e-m/nofp/libc.a(lib_a-exit.o)
                              /usr/lib/gcc/arm-none-eabi/10.3.1/../../../arm-none-eabi/lib/thumb/v7e-m/nofp/crt0.o (exit)
/usr/lib/gcc/arm-none-eabi/10.3.1/../../../arm-none-eabi/lib/thumb/v7e-m/nofp/libc.a(lib_a-fini.o)
                              /usr/lib/gcc/arm-none-eabi/10.3.1/../../../arm-none-eabi/lib/thumb/v7e-m/nofp/crt0.o (__libc_fini_array)
/usr/lib/gcc/arm-none-eabi/10.3.1/../../../arm-none-eabi/lib/thumb/v7e-m/nofp/libc.a(lib_a-impure.o)
                              /usr/lib/gcc/arm-none-eabi/10.3.1/../../../arm-none-eabi/lib/thumb/v7e-m/nofp/libc.a(lib_a-exit.o) (_global_impure_ptr)
/usr/lib/gcc/arm-none-eabi/10.3.1/../../../arm-none-eabi/lib/thumb/v7e-m/nofp/libc.a(lib_a-init.o)
                              /usr/lib/gcc/arm-none-eabi/10.3.1/../../../arm-none-eabi/lib/thumb/v7e-m/nofp/crt0.o (__libc_init_array)
/usr/lib/gcc/arm-none-eabi/10.3.1/../../../arm-none-eabi/lib/thumb/v7e-m/nofp/libc.a(lib_a-memcpy.o)
                              out/tremo_flash.o (memcpy)
/usr/lib/gcc/arm-none-eabi/10.3.1/../../../arm-none-eabi/lib/thumb/v7e-m/nofp/libc.a(lib_a-memset.o)
                              /usr/lib/gcc/arm-none-eabi/10.3.1/../../../arm-none-eabi/lib/thumb/v7e-m/nofp/crt0.o (memset)
/usr/lib/gcc/arm-none-eabi/10.3.1/../../../arm-none-eabi/lib/thumb/v7e-m/nofp/libc.a(lib_a-__atexit.o)
                              /usr/lib/gcc/arm-none-eabi/10.3.1/../../../arm-none-eabi/lib/thumb/v7e-m/nofp/libc.a(lib_a-atexit.o) (__register_exitproc)
/usr/lib/gcc/arm-none-eabi/10.3.1/../../../arm-none-eabi/lib/thumb/v7e-m/nofp/libc.a(lib_a-__call_atexit.o)
                              /usr/lib/gcc/arm-none-eabi/10.3.1/../../../arm-none-eabi/lib/thumb/v7e-m/nofp/libc.a(lib_a-exit.o) (__call_exitprocs)

Discarded input sections

 .text          0x0000000000000000        0x0 /usr/lib/gcc/arm-none-eabi/10.3.1/thumb/v7e-m/nofp/crti.o
 .data          0x0000000000000000        0x0 /usr/lib/gcc/arm-none-eabi/10.3.1/thumb/v7e-m/nofp/crti.o
 .bss           0x0000000000000000        0x0 /usr/lib/gcc/arm-none-eabi/10.3.1/thumb/v7e-m/nofp/crti.o
 .data          0x0000000000000000        0x4 /usr/lib/gcc/arm-none-eabi/10.3.1/thumb/v7e-m/nofp/crtbegin.o
 .rodata        0x0000000000000000       0x24 /usr/lib/gcc/arm-none-eabi/10.3.1/thumb/v7e-m/nofp/crtbegin.o
 .text          0x0000000000000000       0x70 /usr/lib/gcc/arm-none-eabi/10.3.1/../../../arm-none-eabi/lib/thumb/v7e-m/nofp/crt0.o
 .data          0x0000000000000000        0x0 /usr/lib/gcc/arm-none-eabi/10.3.1/../../../arm-none-eabi/lib/thumb/v7e-m/nofp/crt0.o
 .bss           0x0000000000000000        0x0 /usr/lib/gcc/arm-none-eabi/10.3.1/../../../arm-none-eabi/lib/thumb/v7e-m/nofp/crt0.o
 .ARM.extab     0x0000000000000000        0x0 /usr/lib/gcc/arm-none-eabi/10.3.1/../../../arm-none-eabi/lib/thumb/v7e-m/nofp/crt0.o
 .ARM.exidx     0x0000000000000000       0x10 /usr/lib/gcc/arm-none-eabi/10.3.1/../../../arm-none-eabi/lib/thumb/v7e-m/nofp/crt0.o
 .debug_line    0x0000000000000000       0x87 /usr/lib/gcc/arm-none-eabi/10.3.1/../../../arm-none-eabi/lib/thumb/v7e-m/nofp/crt0.o
 .debug_info    0x0000000000000000       0x26 /usr/lib/gcc/arm-none-eabi/10.3.1/../../../arm-none-eabi/lib/thumb/v7e-m/nofp/crt0.o
 .debug_abbrev  0x0000000000000000       0x14 /usr/lib/gcc/arm-none-eabi/10.3.1/../../../arm-none-eabi/lib/thumb/v7e-m/nofp/crt0.o
 .debug_aranges
                0x0000000000000000       0x20 /usr/lib/gcc/arm-none-eabi/10.3.1/../../../arm-none-eabi/lib/thumb/v7e-m/nofp/crt0.o
 .debug_str     0x0000000000000000       0x95 /usr/lib/gcc/arm-none-eabi/10.3.1/../../../arm-none-eabi/lib/thumb/v7e-m/nofp/crt0.o
 .ARM.attributes
                0x0000000000000000       0x1c /usr/lib/gcc/arm-none-eabi/10.3.1/../../../arm-none-eabi/lib/thumb/v7e-m/nofp/crt0.o
 .text          0x0000000000000000        0x0 out/board.o
 .data          0x0000000000000000        0x0 out/board.o
 .bss           0x0000000000000000        0x0 out/board.o
 .text          0x0000000000000000        0x0 out/delay.o
 .data          0x0000000000000000        0x0 out/delay.o
 .text          0x0000000000000000        0x0 out/main.o
 .data          0x0000000000000000        0x0 out/main.o
 .bss           0x0000000000000000        0x0 out/main.o
 .text          0x0000000000000000        0x0 out/tremo_it.o
 .data          0x0000000000000000        0x0 out/tremo_it.o
 .bss           0x0000000000000000        0x0 out/tremo_it.o
 .text          0x0000000000000000        0x0 out/printf-stdarg.o
 .data          0x0000000000000000        0x0 out/printf-stdarg.o
 .bss           0x0000000000000000        0x0 out/printf-stdarg.o
 .text._out_buffer
                0x0000000000000000        0x8 out/printf-stdarg.o
 .text.print_isdone
                0x0000000000000000       0x2c out/printf-stdarg.o
 .text.__wrap_sprintf
                0x0000000000000000       0x28 out/printf-stdarg.o
 .text.__wrap_snprintf
                0x0000000000000000       0x28 out/printf-stdarg.o
 .text          0x0000000000000000        0x0 out/system_cm4.o
 .data          0x0000000000000000        0x0 out/system_cm4.o
 .bss           0x0000000000000000        0x0 out/system_cm4.o
 .text          0x0000000000000000        0x0 out/tremo_adc.o
 .data          0x0000000000000000        0x0 out/tremo_adc.o
 .bss           0x0000000000000000        0x0 out/tremo_adc.o
 .text.read_write_adc_afec
                0x0000000000000000       0x34 out/tremo_adc.o
 .text.adc_init
                0x0000000000000000       0x18 out/tremo_adc.o
 .text.adc_start
                0x0000000000000000       0x2c out/tremo_adc.o
 .text.adc_enable
                0x0000000000000000       0x28 out/tremo_adc.o
 .text.adc_enable_dma
                0x0000000000000000       0x18 out/tremo_adc.o
 .text.adc_retain_data_when_overrun
                0x0000000000000000       0x18 out/tremo_adc.o
 .text.adc_enable_wait_mode
                0x0000000000000000       0x18 out/tremo_adc.o
 .text.adc_config_clock_division
                0x0000000000000000       0x20 out/tremo_adc.o
 .text.adc_config_trigger_source
                0x0000000000000000       0x18 out/tremo_adc.o
 .text.adc_config_trigger_polarity
                0x0000000000000000       0x18 out/tremo_adc.o
 .text.adc_config_conv_mode
                0x0000000000000000       0x18 out/tremo_adc.o
 .text.adc_config_sample_sequence
                0x0000000000000000       0x2c out/tremo_adc.o
 .text.adc_config_sample_chan_diff
                0x0000000000000000       0x18 out/tremo_adc.o
 .text.adc_get_interrupt_status
                0x0000000000000000       0x14 out/tremo_adc.o
 .text.adc_clear_interrupt_status
                0x0000000000000000       0x18 out/tremo_adc.o
 .text.adc_config_interrupt
                0x0000000000000000       0x18 out/tremo_adc.o
 .text.adc_get_data
                0x0000000000000000       0x10 out/tremo_adc.o
 .text.adc_get_calibration_value
                0x0000000000000000       0x70 out/tremo_adc.o
 .text.adc_enable_vbat31
                0x0000000000000000       0x1c out/tremo_adc.o
 .text.adc_config_ref_voltage
                0x0000000000000000       0x20 out/tremo_adc.o
 .comment       0x0000000000000000       0x34 out/tremo_adc.o
 .ARM.attributes
                0x0000000000000000       0x32 out/tremo_adc.o
 .text          0x0000000000000000        0x0 out/tremo_bstimer.o
 .data          0x0000000000000000        0x0 out/tremo_bstimer.o
 .bss           0x0000000000000000        0x0 out/tremo_bstimer.o
 .text.bstimer_deinit
                0x0000000000000000       0x4c out/tremo_bstimer.o
 .text.bstimer_config_one_pulse
                0x0000000000000000       0x12 out/tremo_bstimer.o
 .text.bstimer_config_overflow_update
                0x0000000000000000       0x12 out/tremo_bstimer.o
 .text.bstimer_config_update_disable
                0x0000000000000000       0x12 out/tremo_bstimer.o
 .text.bstimer_cmd
                0x0000000000000000       0x12 out/tremo_bstimer.o
 .text.bstimer_config_dma
                0x0000000000000000       0x12 out/tremo_bstimer.o
 .text.bstimer_config_interrupt
                0x0000000000000000       0x12 out/tremo_bstimer.o
 .text.bstimer_get_status
                0x0000000000000000        0xe out/tremo_bstimer.o
 .text.bstimer_generate_event
                0x0000000000000000       0x10 out/tremo_bstimer.o
 .text          0x0000000000000000        0x0 out/tremo_crc.o
 .data          0x0000000000000000        0x0 out/tremo_crc.o
 .bss           0x0000000000000000        0x0 out/tremo_crc.o
 .text.crc_deinit
                0x0000000000000000       0x1e out/tremo_crc.o
 .text.crc_init
                0x0000000000000000       0x20 out/tremo_crc.o
 .text.crc_calc32
                0x0000000000000000       0x20 out/tremo_crc.o
 .text.crc_calc16
                0x0000000000000000       0x20 out/tremo_crc.o
 .text.crc_calc8
                0x0000000000000000       0x20 out/tremo_crc.o
 .comment       0x0000000000000000       0x34 out/tremo_crc.o
 .ARM.attributes
                0x0000000000000000       0x32 out/tremo_crc.o
 .text          0x0000000000000000        0x0 out/tremo_dac.o
 .data          0x0000000000000000        0x0 out/tremo_dac.o
 .bss           0x0000000000000000        0x0 out/tremo_dac.o
 .text.dac_deinit
                0x0000000000000000       0x1e out/tremo_dac.o
 .text.dac_init
                0x0000000000000000       0x4c out/tremo_dac.o
 .text.dac_cmd  0x0000000000000000       0x5c out/tremo_dac.o
 .text.dac_software_trigger_cmd
                0x0000000000000000       0x18 out/tremo_dac.o
 .text.dac_dma_cmd
                0x0000000000000000       0x18 out/tremo_dac.o
 .text.dac_write_data
                0x0000000000000000        0xc out/tremo_dac.o
 .text.dac_read_output_data
                0x0000000000000000        0xc out/tremo_dac.o
 .text.dac_config_interrupt
                0x0000000000000000       0x20 out/tremo_dac.o
 .text.dac_get_interrupt_status
                0x0000000000000000       0x18 out/tremo_dac.o
 .text.dac_clear_interrupt
                0x0000000000000000       0x10 out/tremo_dac.o
 .comment       0x0000000000000000       0x34 out/tremo_dac.o
 .ARM.attributes
                0x0000000000000000       0x32 out/tremo_dac.o
 .text          0x0000000000000000        0x0 out/tremo_delay.o
 .data          0x0000000000000000        0x0 out/tremo_delay.o
 .text.delay_us
                0x0000000000000000       0x30 out/tremo_delay.o
 .text.delay_ms
                0x0000000000000000        0xa out/tremo_delay.o
 .text          0x0000000000000000        0x0 out/tremo_dma.o
 .data          0x0000000000000000        0x0 out/tremo_dma.o
 .bss           0x0000000000000000       0x20 out/tremo_dma.o
 .text.write32_bit_reg.part.0
                0x0000000000000000       0x1e out/tremo_dma.o
 .text.set_dma_mode
                0x0000000000000000      0x294 out/tremo_dma.o
 .text.dma0_IRQHandler
                0x0000000000000000       0x64 out/tremo_dma.o
 .text.dma1_IRQHandler
                0x0000000000000000       0x68 out/tremo_dma.o
 .text.dma_init
                0x0000000000000000      0x12c out/tremo_dma.o
 .text.dma_lli_init
                0x0000000000000000      0x220 out/tremo_dma.o
 .text.dma_config_reload
                0x0000000000000000       0x42 out/tremo_dma.o
 .text.dma_deinit
                0x0000000000000000       0x3e out/tremo_dma.o
 .text.dma_addr_update
                0x0000000000000000       0x70 out/tremo_dma.o
 .text.dma_ch_enable
                0x0000000000000000       0x5e out/tremo_dma.o
 .text.dma_ch_disable
                0x0000000000000000       0x2c out/tremo_dma.o
 .text.dma_finalize
                0x0000000000000000      0x13c out/tremo_dma.o
 .comment       0x0000000000000000       0x34 out/tremo_dma.o
 .ARM.attributes
                0x0000000000000000       0x32 out/tremo_dma.o
 .text          0x0000000000000000        0x0 out/tremo_flash.o
 .data          0x0000000000000000        0x0 out/tremo_flash.o
 .bss           0x0000000000000000        0x0 out/tremo_flash.o
 .text.flash_erase_all
                0x0000000000000000       0x68 out/tremo_flash.o
 .text.flash_erase_page
                0x0000000000000000       0x64 out/tremo_flash.o
 .text.flash_program_bytes
                0x0000000000000000       0xb4 out/tremo_flash.o
 .text.flash_program_line
                0x0000000000000000       0x94 out/tremo_flash.o
 .text.flash_otp_program_data
                0x0000000000000000       0x4c out/tremo_flash.o
 .comment       0x0000000000000000       0x34 out/tremo_flash.o
 .ARM.attributes
                0x0000000000000000       0x32 out/tremo_flash.o
 .text          0x0000000000000000        0x0 out/tremo_gpio.o
 .data          0x0000000000000000        0x0 out/tremo_gpio.o
 .bss           0x0000000000000000        0x0 out/tremo_gpio.o
 .text.gpio_deinit
                0x0000000000000000       0x36 out/tremo_gpio.o
 .text.gpio_init
                0x0000000000000000      0x124 out/tremo_gpio.o
 .text.gpio_write
                0x0000000000000000       0xb4 out/tremo_gpio.o
 .text.gpio_read
                0x0000000000000000       0x12 out/tremo_gpio.o
 .text.gpio_toggle
                0x0000000000000000        0xe out/tremo_gpio.o
 .text.gpio_config_drive_capability
                0x0000000000000000       0x16 out/tremo_gpio.o
 .text.gpio_clear_interrupt
                0x0000000000000000       0x10 out/tremo_gpio.o
 .text.gpio_config_interrupt
                0x0000000000000000       0x20 out/tremo_gpio.o
 .text.gpio_get_interrupt_status
                0x0000000000000000       0x14 out/tremo_gpio.o
 .text.gpio_config_wakeup
                0x0000000000000000       0x2a out/tremo_gpio.o
 .text.gpio_config_stop3_wakeup
                0x0000000000000000       0x68 out/tremo_gpio.o
 .text          0x0000000000000000        0x0 out/tremo_i2c.o
 .data          0x0000000000000000        0x0 out/tremo_i2c.o
 .bss           0x0000000000000000        0x0 out/tremo_i2c.o
 .text.i2c_deinit
                0x0000000000000000       0x3c out/tremo_i2c.o
 .text.i2c_config_init
                0x0000000000000000        0x8 out/tremo_i2c.o
 .text.i2c_init
                0x0000000000000000       0xa0 out/tremo_i2c.o
 .text.i2c_cmd  0x0000000000000000       0x22 out/tremo_i2c.o
 .text.i2c_dma_cmd
                0x0000000000000000       0x12 out/tremo_i2c.o
 .text.i2c_config_interrupt
                0x0000000000000000       0x36 out/tremo_i2c.o
 .text.i2c_clear_interrupt
                0x0000000000000000        0xa out/tremo_i2c.o
 .text.i2c_master_send_start
                0x0000000000000000       0x38 out/tremo_i2c.o
 .text.i2c_master_send_stop
                0x0000000000000000       0x12 out/tremo_i2c.o
 .text.i2c_master_send_stop_with_data
                0x0000000000000000       0x2a out/tremo_i2c.o
 .text.i2c_send_data
                0x0000000000000000       0x22 out/tremo_i2c.o
 .text.i2c_receive_data
                0x0000000000000000        0xe out/tremo_i2c.o
 .text.i2c_set_receive_mode
                0x0000000000000000       0x38 out/tremo_i2c.o
 .text.i2c_clear_flag_status
                0x0000000000000000        0xa out/tremo_i2c.o
 .text.i2c_get_flag_status
                0x0000000000000000       0x28 out/tremo_i2c.o
 .text.i2c_get_interrupt_status
                0x0000000000000000       0x12 out/tremo_i2c.o
 .comment       0x0000000000000000       0x34 out/tremo_i2c.o
 .ARM.attributes
                0x0000000000000000       0x32 out/tremo_i2c.o
 .text          0x0000000000000000        0x0 out/tremo_i2s.o
 .data          0x0000000000000000        0x0 out/tremo_i2s.o
 .bss           0x0000000000000000        0x0 out/tremo_i2s.o
 .text.i2s_init_struct
                0x0000000000000000        0xc out/tremo_i2s.o
 .text.i2s_calculate_devision
                0x0000000000000000       0x2c out/tremo_i2s.o
 .text.i2s_config_interrupt
                0x0000000000000000       0x10 out/tremo_i2s.o
 .text.i2s_clear_interrupt
                0x0000000000000000       0x10 out/tremo_i2s.o
 .text.i2s_get_interrupt_status
                0x0000000000000000        0xc out/tremo_i2s.o
 .text.i2s_cmd  0x0000000000000000       0x10 out/tremo_i2s.o
 .text.i2s_tx_block_cmd
                0x0000000000000000       0x10 out/tremo_i2s.o
 .text.i2s_rx_block_cmd
                0x0000000000000000       0x10 out/tremo_i2s.o
 .text.i2s_tx_channel_cmd
                0x0000000000000000       0x10 out/tremo_i2s.o
 .text.i2s_rx_channel_cmd
                0x0000000000000000       0x10 out/tremo_i2s.o
 .text.i2s_master_clock_cmd
                0x0000000000000000       0x10 out/tremo_i2s.o
 .text.i2s_init
                0x0000000000000000       0x46 out/tremo_i2s.o
 .text.i2s_deinit
                0x0000000000000000       0x2c out/tremo_i2s.o
 .text.i2s_receive_data
                0x0000000000000000        0xa out/tremo_i2s.o
 .text.i2s_send_data
                0x0000000000000000       0x3a out/tremo_i2s.o
 .comment       0x0000000000000000       0x34 out/tremo_i2s.o
 .ARM.attributes
                0x0000000000000000       0x32 out/tremo_i2s.o
 .text          0x0000000000000000        0x0 out/tremo_iwdg.o
 .data          0x0000000000000000        0x0 out/tremo_iwdg.o
 .bss           0x0000000000000000        0x0 out/tremo_iwdg.o
 .text.check_iwdg_sr_done
                0x0000000000000000       0x14 out/tremo_iwdg.o
 .text.iwdg_config_interrupt
                0x0000000000000000       0x18 out/tremo_iwdg.o
 .text.iwdg_clear_interrupt
                0x0000000000000000       0x14 out/tremo_iwdg.o
 .text.iwdg_deinit
                0x0000000000000000       0x1e out/tremo_iwdg.o
 .text.iwdg_init
                0x0000000000000000       0x4c out/tremo_iwdg.o
 .text.iwdg_set_prescaler
                0x0000000000000000       0x18 out/tremo_iwdg.o
 .text.iwdg_set_reload
                0x0000000000000000       0x1c out/tremo_iwdg.o
 .text.iwdg_set_window_value
                0x0000000000000000       0x1c out/tremo_iwdg.o
 .text.iwdg_reload
                0x0000000000000000       0x20 out/tremo_iwdg.o
 .text.iwdg_start
                0x0000000000000000       0x1c out/tremo_iwdg.o
 .text.iwdg_stop
                0x0000000000000000       0x1c out/tremo_iwdg.o
 .comment       0x0000000000000000       0x34 out/tremo_iwdg.o
 .ARM.attributes
                0x0000000000000000       0x32 out/tremo_iwdg.o
 .text          0x0000000000000000        0x0 out/tremo_lcd.o
 .data          0x0000000000000000        0x0 out/tremo_lcd.o
 .bss           0x0000000000000000        0x0 out/tremo_lcd.o
 .text.lcd_check_sync_done
                0x0000000000000000       0x18 out/tremo_lcd.o
 .text.lcd_enable
                0x0000000000000000       0x28 out/tremo_lcd.o
 .text.lcd_config_duty
                0x0000000000000000       0x30 out/tremo_lcd.o
 .text.lcd_config_bias
                0x0000000000000000       0x2c out/tremo_lcd.o
 .text.lcd_config_prescaler
                0x0000000000000000       0x2c out/tremo_lcd.o
 .text.lcd_config_division_clock
                0x0000000000000000       0x2c out/tremo_lcd.o
 .text.lcd_init
                0x0000000000000000       0x22 out/tremo_lcd.o
 .text.lcd_config_blink_freq
                0x0000000000000000       0x2c out/tremo_lcd.o
 .text.lcd_config_blink_sel
                0x0000000000000000       0x2c out/tremo_lcd.o
 .text.lcd_config_dead_cycle
                0x0000000000000000       0x2c out/tremo_lcd.o
 .text.lcd_enable_switch
                0x0000000000000000       0x28 out/tremo_lcd.o
 .text.lcd_config_large_current_num
                0x0000000000000000       0x2c out/tremo_lcd.o
 .text.lcd_write_com_seg_bit
                0x0000000000000000       0x8c out/tremo_lcd.o
 .text.lcd_clear_com_seg_state
                0x0000000000000000       0x50 out/tremo_lcd.o
 .text.lcd_config_drive_mode
                0x0000000000000000       0x1c out/tremo_lcd.o
 .text.lcd_config_interrupt
                0x0000000000000000       0x18 out/tremo_lcd.o
 .text.lcd_get_interrupt_status
                0x0000000000000000       0x10 out/tremo_lcd.o
 .text.lcd_clear_interrupt_status
                0x0000000000000000       0x10 out/tremo_lcd.o
 .text.lcd_enable_com
                0x0000000000000000       0x48 out/tremo_lcd.o
 .text.lcd_enable_seg
                0x0000000000000000       0x30 out/tremo_lcd.o
 .text.lcd_enable_analog
                0x0000000000000000       0x10 out/tremo_lcd.o
 .comment       0x0000000000000000       0x34 out/tremo_lcd.o
 .ARM.attributes
                0x0000000000000000       0x32 out/tremo_lcd.o
 .text          0x0000000000000000        0x0 out/tremo_lptimer.o
 .data          0x0000000000000000        0x0 out/tremo_lptimer.o
 .bss           0x0000000000000000        0x0 out/tremo_lptimer.o
 .text.lptimer_init
                0x0000000000000000       0x72 out/tremo_lptimer.o
 .text.lptimer_deinit
                0x0000000000000000       0x4c out/tremo_lptimer.o
 .text.lptimer_enable_clock_filter
                0x0000000000000000       0x18 out/tremo_lptimer.o
 .text.lptimer_enable_trigger_filter
                0x0000000000000000       0x18 out/tremo_lptimer.o
 .text.lptimer_config_wakeup
                0x0000000000000000       0x16 out/tremo_lptimer.o
 .text.lptimer_config_timeout
                0x0000000000000000       0x18 out/tremo_lptimer.o
 .text.lptimer_config_wave
                0x0000000000000000       0x18 out/tremo_lptimer.o
 .text.lptimer_config_encoder
                0x0000000000000000       0x18 out/tremo_lptimer.o
 .text.lptimer_config_trigger_polarity
                0x0000000000000000       0x1c out/tremo_lptimer.o
 .text.lptimer_config_trigger_source
                0x0000000000000000       0x1c out/tremo_lptimer.o
 .text.lptimer_config_clock_prescaler
                0x0000000000000000       0x1c out/tremo_lptimer.o
 .text.lptimer_config_trigger_filter
                0x0000000000000000       0x1c out/tremo_lptimer.o
 .text.lptimer_config_clock_filter
                0x0000000000000000       0x1c out/tremo_lptimer.o
 .text.lptimer_config_clock_polarity
                0x0000000000000000       0x1c out/tremo_lptimer.o
 .text.lptimer_cmd
                0x0000000000000000       0x18 out/tremo_lptimer.o
 .text.lptimer_config_count_mode
                0x0000000000000000       0x16 out/tremo_lptimer.o
 .text.lptimer_config_interrupt
                0x0000000000000000       0x10 out/tremo_lptimer.o
 .text.lptimer_clear_interrupt
                0x0000000000000000        0x8 out/tremo_lptimer.o
 .text.lptimer_set_arr_register
                0x0000000000000000        0xa out/tremo_lptimer.o
 .text.lptimer_set_cmp_register
                0x0000000000000000        0xa out/tremo_lptimer.o
 .text.lptimer_get_status
                0x0000000000000000        0xe out/tremo_lptimer.o
 .text.lptimer_get_clear_status_flag
                0x0000000000000000        0xe out/tremo_lptimer.o
 .text.lptimer_get_interrupt_status
                0x0000000000000000        0xe out/tremo_lptimer.o
 .comment       0x0000000000000000       0x34 out/tremo_lptimer.o
 .ARM.attributes
                0x0000000000000000       0x32 out/tremo_lptimer.o
 .text          0x0000000000000000        0x0 out/tremo_lpuart.o
 .data          0x0000000000000000        0x0 out/tremo_lpuart.o
 .bss           0x0000000000000000        0x0 out/tremo_lpuart.o
 .text.lpuart_config_dma
                0x0000000000000000       0x10 out/tremo_lpuart.o
 .text.lpuart_config_interrupt
                0x0000000000000000        0x4 out/tremo_lpuart.o
 .text.lpuart_config_rts
                0x0000000000000000       0x26 out/tremo_lpuart.o
 .text.lpuart_config_rx
                0x0000000000000000       0x26 out/tremo_lpuart.o
 .text.lpuart_config_cts
                0x0000000000000000       0x12 out/tremo_lpuart.o
 .text.lpuart_config_tx
                0x0000000000000000       0x12 out/tremo_lpuart.o
 .text.lpuart_get_rx_status
                0x0000000000000000       0x12 out/tremo_lpuart.o
 .text.lpuart_clear_rx_status
                0x0000000000000000       0x18 out/tremo_lpuart.o
 .text.lpuart_get_rx_not_empty_status
                0x0000000000000000        0x8 out/tremo_lpuart.o
 .text.lpuart_receive_data
                0x0000000000000000       0x10 out/tremo_lpuart.o
 .text.lpuart_get_tx_empty_status
                0x0000000000000000        0x8 out/tremo_lpuart.o
 .text.lpuart_send_data
                0x0000000000000000        0xe out/tremo_lpuart.o
 .text.lpuart_get_tx_done_status
                0x0000000000000000        0x8 out/tremo_lpuart.o
 .text.lpuart_clear_tx_done_status
                0x0000000000000000        0xa out/tremo_lpuart.o
 .text.lpuart_init
                0x0000000000000000       0x80 out/tremo_lpuart.o
 .text.lpuart_deinit
                0x0000000000000000       0x2c out/tremo_lpuart.o
 .comment       0x0000000000000000       0x34 out/tremo_lpuart.o
 .ARM.attributes
                0x0000000000000000       0x32 out/tremo_lpuart.o
 .text          0x0000000000000000        0x0 out/tremo_pwr.o
 .data          0x0000000000000000        0x0 out/tremo_pwr.o
 .bss           0x0000000000000000        0x0 out/tremo_pwr.o
 .text.deepsleep
                0x0000000000000000       0xc8 out/tremo_pwr.o
 .text.pwr_deepsleep_wfi
                0x0000000000000000        0x6 out/tremo_pwr.o
 .text.pwr_deepsleep_wfe
                0x0000000000000000        0x6 out/tremo_pwr.o
 .text.pwr_enter_lprun_mode
                0x0000000000000000       0x18 out/tremo_pwr.o
 .text.pwr_sleep_wfi
                0x0000000000000000       0x18 out/tremo_pwr.o
 .text.pwr_sleep_wfe
                0x0000000000000000        0xc out/tremo_pwr.o
 .text.pwr_exit_lprun_mode
                0x0000000000000000       0x18 out/tremo_pwr.o
 .text.pwr_xo32k_lpm_cmd
                0x0000000000000000       0x18 out/tremo_pwr.o
 .comment       0x0000000000000000       0x34 out/tremo_pwr.o
 .ARM.attributes
                0x0000000000000000       0x32 out/tremo_pwr.o
 .text          0x0000000000000000        0x0 out/tremo_rcc.o
 .data          0x0000000000000000        0x0 out/tremo_rcc.o
 .bss           0x0000000000000000        0x0 out/tremo_rcc.o
 .text.rcc_set_sys_clk_source
                0x0000000000000000       0x10 out/tremo_rcc.o
 .text.rcc_set_systick_source
                0x0000000000000000       0x28 out/tremo_rcc.o
 .text.rcc_set_mco_clk_source
                0x0000000000000000       0x28 out/tremo_rcc.o
 .text.rcc_set_uart0_clk_source
                0x0000000000000000       0x28 out/tremo_rcc.o
 .text.rcc_set_uart1_clk_source
                0x0000000000000000       0x28 out/tremo_rcc.o
 .text.rcc_set_uart2_clk_source
                0x0000000000000000       0x28 out/tremo_rcc.o
 .text.rcc_set_uart3_clk_source
                0x0000000000000000       0x28 out/tremo_rcc.o
 .text.rcc_set_lptimer0_clk_source
                0x0000000000000000       0x3c out/tremo_rcc.o
 .text.rcc_set_lptimer1_clk_source
                0x0000000000000000       0x40 out/tremo_rcc.o
 .text.rcc_set_lcd_clk_source
                0x0000000000000000       0x28 out/tremo_rcc.o
 .text.rcc_set_lpuart_clk_source
                0x0000000000000000       0x28 out/tremo_rcc.o
 .text.rcc_set_rtc_clk_source
                0x0000000000000000       0x28 out/tremo_rcc.o
 .text.rcc_set_iwdg_clk_source
                0x0000000000000000       0x28 out/tremo_rcc.o
 .text.rcc_set_adc_clk_source
                0x0000000000000000       0x28 out/tremo_rcc.o
 .text.rcc_set_qspi_clk_source
                0x0000000000000000       0x28 out/tremo_rcc.o
 .text.rcc_set_i2s_clk_source
                0x0000000000000000       0x28 out/tremo_rcc.o
 .text.rcc_get_sys_clk_source
                0x0000000000000000        0xc out/tremo_rcc.o
 .text.rcc_get_systick_source
                0x0000000000000000       0x1c out/tremo_rcc.o
 .text.rcc_get_mco_clk_source
                0x0000000000000000        0xc out/tremo_rcc.o
 .text.rcc_get_lptimer0_clk_source
                0x0000000000000000       0x14 out/tremo_rcc.o
 .text.rcc_get_lptimer1_clk_source
                0x0000000000000000       0x16 out/tremo_rcc.o
 .text.rcc_get_lcd_clk_source
                0x0000000000000000        0xc out/tremo_rcc.o
 .text.rcc_get_lpuart_clk_source
                0x0000000000000000        0xc out/tremo_rcc.o
 .text.rcc_get_rtc_clk_source
                0x0000000000000000        0xc out/tremo_rcc.o
 .text.rcc_get_iwdg_clk_source
                0x0000000000000000        0xc out/tremo_rcc.o
 .text.rcc_get_adc_clk_source
                0x0000000000000000        0xc out/tremo_rcc.o
 .text.rcc_get_qspi_clk_source
                0x0000000000000000        0xc out/tremo_rcc.o
 .text.rcc_get_i2s_clk_source
                0x0000000000000000        0xc out/tremo_rcc.o
 .text.rcc_set_hclk_div
                0x0000000000000000       0x10 out/tremo_rcc.o
 .text.rcc_set_pclk_div
                0x0000000000000000       0x16 out/tremo_rcc.o
 .text.rcc_set_mco_clk_div
                0x0000000000000000       0x28 out/tremo_rcc.o
 .text.rcc_enable_oscillator
                0x0000000000000000       0xfc out/tremo_rcc.o
 .text.rcc_enable_mco_clk_output
                0x0000000000000000       0x16 out/tremo_rcc.o
 .text.rcc_rst_peripheral
                0x0000000000000000       0x70 out/tremo_rcc.o
 .text.rcc_set_reset_mask
                0x0000000000000000       0x10 out/tremo_rcc.o
 .text.rcc_get_reset_mask
                0x0000000000000000        0xc out/tremo_rcc.o
 .text.rcc_set_i2s_mclk_div
                0x0000000000000000       0x12 out/tremo_rcc.o
 .text.rcc_set_i2s_sclk_div
                0x0000000000000000       0x10 out/tremo_rcc.o
 .text          0x0000000000000000        0x0 out/tremo_rtc.o
 .data          0x0000000000000000        0x0 out/tremo_rtc.o
 .bss           0x0000000000000000        0x0 out/tremo_rtc.o
 .text.rtc_deinit
                0x0000000000000000       0x1e out/tremo_rtc.o
 .text.rtc_check_syn
                0x0000000000000000       0x14 out/tremo_rtc.o
 .text.rtc_calendar_cmd
                0x0000000000000000       0x20 out/tremo_rtc.o
 .text.rtc_alarm_cmd
                0x0000000000000000       0x3c out/tremo_rtc.o
 .text.rtc_config_alarm_wakeup
                0x0000000000000000       0x30 out/tremo_rtc.o
 .text.rtc_cyc_cmd
                0x0000000000000000       0x20 out/tremo_rtc.o
 .text.rtc_config_cyc_wakeup
                0x0000000000000000       0x24 out/tremo_rtc.o
 .text.rtc_tamper_cmd
                0x0000000000000000       0x20 out/tremo_rtc.o
 .text.rtc_config_tamper_high_level
                0x0000000000000000       0x24 out/tremo_rtc.o
 .text.rtc_config_tamper_level_wakeup
                0x0000000000000000       0x24 out/tremo_rtc.o
 .text.rtc_config_tamper_wakeup
                0x0000000000000000       0x24 out/tremo_rtc.o
 .text.rtc_config_tamper_filter
                0x0000000000000000       0x28 out/tremo_rtc.o
 .text.rtc_wakeup_io_cmd
                0x0000000000000000       0x38 out/tremo_rtc.o
 .text.rtc_config_wakeup_io_high_level
                0x0000000000000000       0x3c out/tremo_rtc.o
 .text.rtc_config_wakeup_io_level_wakeup
                0x0000000000000000       0x3c out/tremo_rtc.o
 .text.rtc_config_wakeup_io_wakeup
                0x0000000000000000       0x3c out/tremo_rtc.o
 .text.rtc_config_wakeup_io_filter
                0x0000000000000000       0x50 out/tremo_rtc.o
 .text.rtc_set_calendar
                0x0000000000000000       0xc4 out/tremo_rtc.o
 .text.rtc_get_subsecond_cnt
                0x0000000000000000        0xc out/tremo_rtc.o
 .text.rtc_get_cyc_cnt
                0x0000000000000000       0x10 out/tremo_rtc.o
 .text.rtc_get_calendar
                0x0000000000000000       0xc8 out/tremo_rtc.o
 .text.rtc_set_status
                0x0000000000000000       0x30 out/tremo_rtc.o
 .text.rtc_get_status
                0x0000000000000000       0x38 out/tremo_rtc.o
 .text.rtc_clear_sec_it_status
                0x0000000000000000       0x10 out/tremo_rtc.o
 .text.rtc_get_sec_it_status
                0x0000000000000000       0x10 out/tremo_rtc.o
 .text.rtc_config_interrupt
                0x0000000000000000       0x38 out/tremo_rtc.o
 .text.rtc_set_alarm
                0x0000000000000000      0x1d4 out/tremo_rtc.o
 .text.rtc_config_cyc_max
                0x0000000000000000       0x14 out/tremo_rtc.o
 .text.rtc_config_ppm
                0x0000000000000000       0x2c out/tremo_rtc.o
 .text.rtc_invert_io_level
                0x0000000000000000       0x24 out/tremo_rtc.o
 .text.rtc_config_io_output
                0x0000000000000000       0x20 out/tremo_rtc.o
 .text.rtc_get_io_output
                0x0000000000000000       0x14 out/tremo_rtc.o
 .text.rtc_config_erase_ret_sram
                0x0000000000000000       0x24 out/tremo_rtc.o
 .comment       0x0000000000000000       0x34 out/tremo_rtc.o
 .ARM.attributes
                0x0000000000000000       0x32 out/tremo_rtc.o
 .text          0x0000000000000000        0x0 out/tremo_spi.o
 .data          0x0000000000000000        0x0 out/tremo_spi.o
 .bss           0x0000000000000000        0x0 out/tremo_spi.o
 .text.ssp_init_struct
                0x0000000000000000       0x1c out/tremo_spi.o
 .text.ssp_config_interrupt
                0x0000000000000000       0x10 out/tremo_spi.o
 .text.ssp_cmd  0x0000000000000000       0x12 out/tremo_spi.o
 .text.ssp_init
                0x0000000000000000       0xe0 out/tremo_spi.o
 .text.ssp_deinit
                0x0000000000000000       0x6c out/tremo_spi.o
 .text.ssp_send_data
                0x0000000000000000       0x2c out/tremo_spi.o
 .text.ssp_receive_data
                0x0000000000000000       0x2c out/tremo_spi.o
 .comment       0x0000000000000000       0x34 out/tremo_spi.o
 .ARM.attributes
                0x0000000000000000       0x32 out/tremo_spi.o
 .text          0x0000000000000000        0x0 out/tremo_system.o
 .data          0x0000000000000000        0x0 out/tremo_system.o
 .bss           0x0000000000000000        0x0 out/tremo_system.o
 .text.system_reset
                0x0000000000000000       0x20 out/tremo_system.o
 .text.system_get_chip_id
                0x0000000000000000       0x1c out/tremo_system.o
 .comment       0x0000000000000000       0x34 out/tremo_system.o
 .ARM.attributes
                0x0000000000000000       0x32 out/tremo_system.o
 .text          0x0000000000000000        0x0 out/tremo_timer.o
 .data          0x0000000000000000        0x0 out/tremo_timer.o
 .bss           0x0000000000000000        0x0 out/tremo_timer.o
 .text.timer_init
                0x0000000000000000       0x44 out/tremo_timer.o
 .text.timer_deinit
                0x0000000000000000       0x8c out/tremo_timer.o
 .text.timer_cmd
                0x0000000000000000       0x12 out/tremo_timer.o
 .text.timer_disable_update
                0x0000000000000000       0x12 out/tremo_timer.o
 .text.timer_config_update_source
                0x0000000000000000       0x12 out/tremo_timer.o
 .text.timer_config_master_mode
                0x0000000000000000       0x10 out/tremo_timer.o
 .text.timer_enable_xor
                0x0000000000000000       0x12 out/tremo_timer.o
 .text.timer_enable_ccds_upd
                0x0000000000000000       0x12 out/tremo_timer.o
 .text.timer_config_etr
                0x0000000000000000       0x16 out/tremo_timer.o
 .text.timer_config_external_clock2
                0x0000000000000000       0x12 out/tremo_timer.o
 .text.timer_config_itrx
                0x0000000000000000        0xc out/tremo_timer.o
 .text.timer_config_slave_mode
                0x0000000000000000       0x10 out/tremo_timer.o
 .text.timer_config_ti
                0x0000000000000000       0xa4 out/tremo_timer.o
 .text.timer_config_polarity_filter_ti
                0x0000000000000000       0x74 out/tremo_timer.o
 .text.timer_config_slave
                0x0000000000000000       0x7e out/tremo_timer.o
 .text.timer_config_channel_ic
                0x0000000000000000       0x72 out/tremo_timer.o
 .text.timer_config_oc
                0x0000000000000000       0xb4 out/tremo_timer.o
 .text.timer_config_one_pulse
                0x0000000000000000       0x12 out/tremo_timer.o
 .text.timer_config_ts
                0x0000000000000000       0x10 out/tremo_timer.o
 .text.timer_clear_ocxref
                0x0000000000000000       0x80 out/tremo_timer.o
 .text.timer_config_pwm
                0x0000000000000000       0x34 out/tremo_timer.o
 .text.timer_config_dma
                0x0000000000000000       0x10 out/tremo_timer.o
 .text.timer_config_interrupt
                0x0000000000000000       0x10 out/tremo_timer.o
 .text.timer_get_status
                0x0000000000000000       0x10 out/tremo_timer.o
 .text.timer_clear_status
                0x0000000000000000        0xa out/tremo_timer.o
 .text.timer_generate_event
                0x0000000000000000       0x10 out/tremo_timer.o
 .text.timer_set_dma_rw_len
                0x0000000000000000       0x10 out/tremo_timer.o
 .text.timer_set_dma_base_addr
                0x0000000000000000       0x10 out/tremo_timer.o
 .text.timer_config_or_tim0_ti0
                0x0000000000000000       0x10 out/tremo_timer.o
 .text.timer_config_or_tim0_ti3
                0x0000000000000000       0x10 out/tremo_timer.o
 .text.timer_config_or_tim0_etr
                0x0000000000000000       0x10 out/tremo_timer.o
 .text.timer_config_or_tim1_ti2
                0x0000000000000000       0x10 out/tremo_timer.o
 .text.timer_config_or_tim2_ti0
                0x0000000000000000       0x10 out/tremo_timer.o
 .text.timer_config_or_tim2_ti1
                0x0000000000000000       0x10 out/tremo_timer.o
 .text.timer_config_or_tim2_etr
                0x0000000000000000       0x10 out/tremo_timer.o
 .text.timer_config_or_tim3_ti0
                0x0000000000000000       0x10 out/tremo_timer.o
 .text.timer_config_or_tim3_etr
                0x0000000000000000       0x10 out/tremo_timer.o
 .comment       0x0000000000000000       0x34 out/tremo_timer.o
 .ARM.attributes
                0x0000000000000000       0x32 out/tremo_timer.o
 .text          0x0000000000000000        0x0 out/tremo_uart.o
 .data          0x0000000000000000        0x0 out/tremo_uart.o
 .bss           0x0000000000000000        0x0 out/tremo_uart.o
 .text.uart_get_flag_status
                0x0000000000000000        0xc out/tremo_uart.o
 .text.uart_receive_data
                0x0000000000000000        0xc out/tremo_uart.o
 .text.uart_config_interrupt
                0x0000000000000000       0x10 out/tremo_uart.o
 .text.uart_deinit
                0x0000000000000000       0x48 out/tremo_uart.o
 .text.uart_set_rx_fifo_threshold
                0x0000000000000000        0xc out/tremo_uart.o
 .text.uart_set_tx_fifo_threshold
                0x0000000000000000        0xc out/tremo_uart.o
 .text.uart_get_interrupt_status
                0x0000000000000000        0xc out/tremo_uart.o
 .text.uart_clear_interrupt
                0x0000000000000000        0x4 out/tremo_uart.o
 .text.uart_irda_config
                0x0000000000000000       0x8c out/tremo_uart.o
 .text.uart_irda_cmd
                0x0000000000000000       0x12 out/tremo_uart.o
 .text.uart_dma_config
                0x0000000000000000       0x10 out/tremo_uart.o
 .text.uart_dma_onerror_config
                0x0000000000000000       0x12 out/tremo_uart.o
 .text          0x0000000000000000        0x0 out/tremo_wdg.o
 .data          0x0000000000000000        0x0 out/tremo_wdg.o
 .bss           0x0000000000000000        0x0 out/tremo_wdg.o
 .text.wdg_deinit
                0x0000000000000000       0x1e out/tremo_wdg.o
 .text.wdg_start
                0x0000000000000000       0x30 out/tremo_wdg.o
 .text.wdg_reload
                0x0000000000000000       0x20 out/tremo_wdg.o
 .text.wdg_stop
                0x0000000000000000       0x34 out/tremo_wdg.o
 .comment       0x0000000000000000       0x34 out/tremo_wdg.o
 .ARM.attributes
                0x0000000000000000       0x32 out/tremo_wdg.o
 .text          0x0000000000000000       0x14 out/startup_cm4.o
 .data          0x0000000000000000        0x0 out/startup_cm4.o
 .bss           0x0000000000000000        0x0 out/startup_cm4.o
 .text          0x0000000000000000      0x254 /usr/lib/gcc/arm-none-eabi/10.3.1/thumb/v7e-m/nofp/libgcc.a(_arm_muldf3.o)
 .data          0x0000000000000000        0x0 /usr/lib/gcc/arm-none-eabi/10.3.1/thumb/v7e-m/nofp/libgcc.a(_arm_muldf3.o)
 .bss           0x0000000000000000        0x0 /usr/lib/gcc/arm-none-eabi/10.3.1/thumb/v7e-m/nofp/libgcc.a(_arm_muldf3.o)
 .debug_line    0x0000000000000000      0x10c /usr/lib/gcc/arm-none-eabi/10.3.1/thumb/v7e-m/nofp/libgcc.a(_arm_muldf3.o)
 .debug_info    0x0000000000000000       0x26 /usr/lib/gcc/arm-none-eabi/10.3.1/thumb/v7e-m/nofp/libgcc.a(_arm_muldf3.o)
 .debug_abbrev  0x0000000000000000       0x14 /usr/lib/gcc/arm-none-eabi/10.3.1/thumb/v7e-m/nofp/libgcc.a(_arm_muldf3.o)
 .debug_aranges
                0x0000000000000000       0x20 /usr/lib/gcc/arm-none-eabi/10.3.1/thumb/v7e-m/nofp/libgcc.a(_arm_muldf3.o)
 .debug_str     0x0000000000000000       0xa8 /usr/lib/gcc/arm-none-eabi/10.3.1/thumb/v7e-m/nofp/libgcc.a(_arm_muldf3.o)
 .debug_frame   0x0000000000000000       0x30 /usr/lib/gcc/arm-none-eabi/10.3.1/thumb/v7e-m/nofp/libgcc.a(_arm_muldf3.o)
 .ARM.attributes
                0x0000000000000000       0x1e /usr/lib/gcc/arm-none-eabi/10.3.1/thumb/v7e-m/nofp/libgcc.a(_arm_muldf3.o)
 .data          0x0000000000000000        0x0 /usr/lib/gcc/arm-none-eabi/10.3.1/thumb/v7e-m/nofp/libgcc.a(_arm_addsubdf3.o)
 .bss           0x0000000000000000        0x0 /usr/lib/gcc/arm-none-eabi/10.3.1/thumb/v7e-m/nofp/libgcc.a(_arm_addsubdf3.o)
 .data          0x0000000000000000        0x0 /usr/lib/gcc/arm-none-eabi/10.3.1/thumb/v7e-m/nofp/libgcc.a(_arm_muldivdf3.o)
 .bss           0x0000000000000000        0x0 /usr/lib/gcc/arm-none-eabi/10.3.1/thumb/v7e-m/nofp/libgcc.a(_arm_muldivdf3.o)
 .data          0x0000000000000000        0x0 /usr/lib/gcc/arm-none-eabi/10.3.1/thumb/v7e-m/nofp/libgcc.a(_arm_cmpdf2.o)
 .bss           0x0000000000000000        0x0 /usr/lib/gcc/arm-none-eabi/10.3.1/thumb/v7e-m/nofp/libgcc.a(_arm_cmpdf2.o)
 .data          0x0000000000000000        0x0 /usr/lib/gcc/arm-none-eabi/10.3.1/thumb/v7e-m/nofp/libgcc.a(_arm_fixdfsi.o)
 .bss           0x0000000000000000        0x0 /usr/lib/gcc/arm-none-eabi/10.3.1/thumb/v7e-m/nofp/libgcc.a(_arm_fixdfsi.o)
 .data          0x0000000000000000        0x0 /usr/lib/gcc/arm-none-eabi/10.3.1/thumb/v7e-m/nofp/libgcc.a(_arm_fixunsdfsi.o)
 .bss           0x0000000000000000        0x0 /usr/lib/gcc/arm-none-eabi/10.3.1/thumb/v7e-m/nofp/libgcc.a(_arm_fixunsdfsi.o)
 .data          0x0000000000000000        0x0 /usr/lib/gcc/arm-none-eabi/10.3.1/thumb/v7e-m/nofp/libgcc.a(_aeabi_uldivmod.o)
 .bss           0x0000000000000000        0x0 /usr/lib/gcc/arm-none-eabi/10.3.1/thumb/v7e-m/nofp/libgcc.a(_aeabi_uldivmod.o)
 .data          0x0000000000000000        0x0 /usr/lib/gcc/arm-none-eabi/10.3.1/thumb/v7e-m/nofp/libgcc.a(_udivmoddi4.o)
 .bss           0x0000000000000000        0x0 /usr/lib/gcc/arm-none-eabi/10.3.1/thumb/v7e-m/nofp/libgcc.a(_udivmoddi4.o)
 .ARM.extab     0x0000000000000000        0x0 /usr/lib/gcc/arm-none-eabi/10.3.1/thumb/v7e-m/nofp/libgcc.a(_udivmoddi4.o)
 .data          0x0000000000000000        0x0 /usr/lib/gcc/arm-none-eabi/10.3.1/thumb/v7e-m/nofp/libgcc.a(_dvmd_tls.o)
 .bss           0x0000000000000000        0x0 /usr/lib/gcc/arm-none-eabi/10.3.1/thumb/v7e-m/nofp/libgcc.a(_dvmd_tls.o)
 .data          0x0000000000000000        0x0 /usr/lib/gcc/arm-none-eabi/10.3.1/../../../arm-none-eabi/lib/thumb/v7e-m/nofp/libc.a(lib_a-atexit.o)
 .bss           0x0000000000000000        0x0 /usr/lib/gcc/arm-none-eabi/10.3.1/../../../arm-none-eabi/lib/thumb/v7e-m/nofp/libc.a(lib_a-atexit.o)
 .text          0x0000000000000000       0x20 /usr/lib/gcc/arm-none-eabi/10.3.1/../../../arm-none-eabi/lib/thumb/v7e-m/nofp/libc.a(lib_a-exit.o)
 .data          0x0000000000000000        0x0 /usr/lib/gcc/arm-none-eabi/10.3.1/../../../arm-none-eabi/lib/thumb/v7e-m/nofp/libc.a(lib_a-exit.o)
 .bss           0x0000000000000000        0x0 /usr/lib/gcc/arm-none-eabi/10.3.1/../../../arm-none-eabi/lib/thumb/v7e-m/nofp/libc.a(lib_a-exit.o)
 .debug_info    0x0000000000000000      0x969 /usr/lib/gcc/arm-none-eabi/10.3.1/../../../arm-none-eabi/lib/thumb/v7e-m/nofp/libc.a(lib_a-exit.o)
 .debug_abbrev  0x0000000000000000      0x20c /usr/lib/gcc/arm-none-eabi/10.3.1/../../../arm-none-eabi/lib/thumb/v7e-m/nofp/libc.a(lib_a-exit.o)
 .debug_loc     0x0000000000000000       0x22 /usr/lib/gcc/arm-none-eabi/10.3.1/../../../arm-none-eabi/lib/thumb/v7e-m/nofp/libc.a(lib_a-exit.o)
 .debug_aranges
                0x0000000000000000       0x20 /usr/lib/gcc/arm-none-eabi/10.3.1/../../../arm-none-eabi/lib/thumb/v7e-m/nofp/libc.a(lib_a-exit.o)
 .debug_line    0x0000000000000000      0x179 /usr/lib/gcc/arm-none-eabi/10.3.1/../../../arm-none-eabi/lib/thumb/v7e-m/nofp/libc.a(lib_a-exit.o)
 .debug_str     0x0000000000000000      0x585 /usr/lib/gcc/arm-none-eabi/10.3.1/../../../arm-none-eabi/lib/thumb/v7e-m/nofp/libc.a(lib_a-exit.o)
 .comment       0x0000000000000000       0x34 /usr/lib/gcc/arm-none-eabi/10.3.1/../../../arm-none-eabi/lib/thumb/v7e-m/nofp/libc.a(lib_a-exit.o)
 .debug_frame   0x0000000000000000       0x28 /usr/lib/gcc/arm-none-eabi/10.3.1/../../../arm-none-eabi/lib/thumb/v7e-m/nofp/libc.a(lib_a-exit.o)
 .ARM.attributes
                0x0000000000000000       0x2e /usr/lib/gcc/arm-none-eabi/10.3.1/../../../arm-none-eabi/lib/thumb/v7e-m/nofp/libc.a(lib_a-exit.o)
 .data          0x0000000000000000        0x0 /usr/lib/gcc/arm-none-eabi/10.3.1/../../../arm-none-eabi/lib/thumb/v7e-m/nofp/libc.a(lib_a-fini.o)
 .bss           0x0000000000000000        0x0 /usr/lib/gcc/arm-none-eabi/10.3.1/../../../arm-none-eabi/lib/thumb/v7e-m/nofp/libc.a(lib_a-fini.o)
 .text          0x0000000000000000        0x0 /usr/lib/gcc/arm-none-eabi/10.3.1/../../../arm-none-eabi/lib/thumb/v7e-m/nofp/libc.a(lib_a-impure.o)
 .bss           0x0000000000000000        0x0 /usr/lib/gcc/arm-none-eabi/10.3.1/../../../arm-none-eabi/lib/thumb/v7e-m/nofp/libc.a(lib_a-impure.o)
 .data          0x0000000000000000        0x0 /usr/lib/gcc/arm-none-eabi/10.3.1/../../../arm-none-eabi/lib/thumb/v7e-m/nofp/libc.a(lib_a-init.o)
 .bss           0x0000000000000000        0x0 /usr/lib/gcc/arm-none-eabi/10.3.1/../../../arm-none-eabi/lib/thumb/v7e-m/nofp/libc.a(lib_a-init.o)
 .text          0x0000000000000000      0x134 /usr/lib/gcc/arm-none-eabi/10.3.1/../../../arm-none-eabi/lib/thumb/v7e-m/nofp/libc.a(lib_a-memcpy.o)
 .data          0x0000000000000000        0x0 /usr/lib/gcc/arm-none-eabi/10.3.1/../../../arm-none-eabi/lib/thumb/v7e-m/nofp/libc.a(lib_a-memcpy.o)
 .bss           0x0000000000000000        0x0 /usr/lib/gcc/arm-none-eabi/10.3.1/../../../arm-none-eabi/lib/thumb/v7e-m/nofp/libc.a(lib_a-memcpy.o)
 .debug_line    0x0000000000000000       0xbe /usr/lib/gcc/arm-none-eabi/10.3.1/../../../arm-none-eabi/lib/thumb/v7e-m/nofp/libc.a(lib_a-memcpy.o)
 .debug_info    0x0000000000000000       0x26 /usr/lib/gcc/arm-none-eabi/10.3.1/../../../arm-none-eabi/lib/thumb/v7e-m/nofp/libc.a(lib_a-memcpy.o)
 .debug_abbrev  0x0000000000000000       0x14 /usr/lib/gcc/arm-none-eabi/10.3.1/../../../arm-none-eabi/lib/thumb/v7e-m/nofp/libc.a(lib_a-memcpy.o)
 .debug_aranges
                0x0000000000000000       0x20 /usr/lib/gcc/arm-none-eabi/10.3.1/../../../arm-none-eabi/lib/thumb/v7e-m/nofp/libc.a(lib_a-memcpy.o)
 .debug_str     0x0000000000000000       0xae /usr/lib/gcc/arm-none-eabi/10.3.1/../../../arm-none-eabi/lib/thumb/v7e-m/nofp/libc.a(lib_a-memcpy.o)
 .ARM.attributes
                0x0000000000000000       0x1c /usr/lib/gcc/arm-none-eabi/10.3.1/../../../arm-none-eabi/lib/thumb/v7e-m/nofp/libc.a(lib_a-memcpy.o)
 .text          0x0000000000000000       0xa4 /usr/lib/gcc/arm-none-eabi/10.3.1/../../../arm-none-eabi/lib/thumb/v7e-m/nofp/libc.a(lib_a-memset.o)
 .data          0x0000000000000000        0x0 /usr/lib/gcc/arm-none-eabi/10.3.1/../../../arm-none-eabi/lib/thumb/v7e-m/nofp/libc.a(lib_a-memset.o)
 .bss           0x0000000000000000        0x0 /usr/lib/gcc/arm-none-eabi/10.3.1/../../../arm-none-eabi/lib/thumb/v7e-m/nofp/libc.a(lib_a-memset.o)
 .debug_info    0x0000000000000000      0x137 /usr/lib/gcc/arm-none-eabi/10.3.1/../../../arm-none-eabi/lib/thumb/v7e-m/nofp/libc.a(lib_a-memset.o)
 .debug_abbrev  0x0000000000000000       0xb4 /usr/lib/gcc/arm-none-eabi/10.3.1/../../../arm-none-eabi/lib/thumb/v7e-m/nofp/libc.a(lib_a-memset.o)
 .debug_loc     0x0000000000000000      0x22c /usr/lib/gcc/arm-none-eabi/10.3.1/../../../arm-none-eabi/lib/thumb/v7e-m/nofp/libc.a(lib_a-memset.o)
 .debug_aranges
                0x0000000000000000       0x20 /usr/lib/gcc/arm-none-eabi/10.3.1/../../../arm-none-eabi/lib/thumb/v7e-m/nofp/libc.a(lib_a-memset.o)
 .debug_line    0x0000000000000000      0x1bf /usr/lib/gcc/arm-none-eabi/10.3.1/../../../arm-none-eabi/lib/thumb/v7e-m/nofp/libc.a(lib_a-memset.o)
 .debug_str     0x0000000000000000      0x1b5 /usr/lib/gcc/arm-none-eabi/10.3.1/../../../arm-none-eabi/lib/thumb/v7e-m/nofp/libc.a(lib_a-memset.o)
 .comment       0x0000000000000000       0x34 /usr/lib/gcc/arm-none-eabi/10.3.1/../../../arm-none-eabi/lib/thumb/v7e-m/nofp/libc.a(lib_a-memset.o)
 .debug_frame   0x0000000000000000       0x2c /usr/lib/gcc/arm-none-eabi/10.3.1/../../../arm-none-eabi/lib/thumb/v7e-m/nofp/libc.a(lib_a-memset.o)
 .ARM.attributes
                0x0000000000000000       0x2e /usr/lib/gcc/arm-none-eabi/10.3.1/../../../arm-none-eabi/lib/thumb/v7e-m/nofp/libc.a(lib_a-memset.o)
 .data          0x0000000000000000        0x0 /usr/lib/gcc/arm-none-eabi/10.3.1/../../../arm-none-eabi/lib/thumb/v7e-m/nofp/libc.a(lib_a-__atexit.o)
 .bss           0x0000000000000000        0x0 /usr/lib/gcc/arm-none-eabi/10.3.1/../../../arm-none-eabi/lib/thumb/v7e-m/nofp/libc.a(lib_a-__atexit.o)
 .text          0x0000000000000000       0xb0 /usr/lib/gcc/arm-none-eabi/10.3.1/../../../arm-none-eabi/lib/thumb/v7e-m/nofp/libc.a(lib_a-__call_atexit.o)
 .data          0x0000000000000000        0x0 /usr/lib/gcc/arm-none-eabi/10.3.1/../../../arm-none-eabi/lib/thumb/v7e-m/nofp/libc.a(lib_a-__call_atexit.o)
 .bss           0x0000000000000000        0x0 /usr/lib/gcc/arm-none-eabi/10.3.1/../../../arm-none-eabi/lib/thumb/v7e-m/nofp/libc.a(lib_a-__call_atexit.o)
 .text          0x0000000000000000        0x0 /usr/lib/gcc/arm-none-eabi/10.3.1/thumb/v7e-m/nofp/crtend.o
 .data          0x0000000000000000        0x0 /usr/lib/gcc/arm-none-eabi/10.3.1/thumb/v7e-m/nofp/crtend.o
 .bss           0x0000000000000000        0x0 /usr/lib/gcc/arm-none-eabi/10.3.1/thumb/v7e-m/nofp/crtend.o
 .rodata        0x0000000000000000       0x24 /usr/lib/gcc/arm-none-eabi/10.3.1/thumb/v7e-m/nofp/crtend.o
 .eh_frame      0x0000000000000000        0x4 /usr/lib/gcc/arm-none-eabi/10.3.1/thumb/v7e-m/nofp/crtend.o
 .text          0x0000000000000000        0x0 /usr/lib/gcc/arm-none-eabi/10.3.1/thumb/v7e-m/nofp/crtn.o
 .data          0x0000000000000000        0x0 /usr/lib/gcc/arm-none-eabi/10.3.1/thumb/v7e-m/nofp/crtn.o
 .bss           0x0000000000000000        0x0 /usr/lib/gcc/arm-none-eabi/10.3.1/thumb/v7e-m/nofp/crtn.o

Memory Configuration

Name             Origin             Length             Attributes
FLASH            0x0000000008000000 0x0000000000040000 xr
RAM              0x0000000020000000 0x0000000000010000 xrw
*default*        0x0000000000000000 0xffffffffffffffff

Linker script and memory map

LOAD /usr/lib/gcc/arm-none-eabi/10.3.1/thumb/v7e-m/nofp/crti.o
LOAD /usr/lib/gcc/arm-none-eabi/10.3.1/thumb/v7e-m/nofp/crtbegin.o
LOAD /usr/lib/gcc/arm-none-eabi/10.3.1/../../../arm-none-eabi/lib/thumb/v7e-m/nofp/crt0.o
LOAD out/board.o
LOAD out/delay.o
LOAD out/main.o
LOAD out/tremo_it.o
LOAD out/printf-stdarg.o
LOAD out/system_cm4.o
LOAD out/tremo_adc.o
LOAD out/tremo_bstimer.o
LOAD out/tremo_crc.o
LOAD out/tremo_dac.o
LOAD out/tremo_delay.o
LOAD out/tremo_dma.o
LOAD out/tremo_flash.o
LOAD out/tremo_gpio.o
LOAD out/tremo_i2c.o
LOAD out/tremo_i2s.o
LOAD out/tremo_iwdg.o
LOAD out/tremo_lcd.o
LOAD out/tremo_lptimer.o
LOAD out/tremo_lpuart.o
LOAD out/tremo_pwr.o
LOAD out/tremo_rcc.o
LOAD out/tremo_rtc.o
LOAD out/tremo_spi.o
LOAD out/tremo_system.o
LOAD out/tremo_timer.o
LOAD out/tremo_uart.o
LOAD out/tremo_wdg.o
LOAD out/startup_cm4.o
START GROUP
LOAD /usr/lib/gcc/arm-none-eabi/10.3.1/thumb/v7e-m/nofp/libgcc.a
LOAD /usr/lib/gcc/arm-none-eabi/10.3.1/../../../arm-none-eabi/lib/thumb/v7e-m/nofp/libc.a
END GROUP
LOAD /usr/lib/gcc/arm-none-eabi/10.3.1/thumb/v7e-m/nofp/crtend.o
LOAD /usr/lib/gcc/arm-none-eabi/10.3.1/thumb/v7e-m/nofp/crtn.o
                0x0000000020010000                _estack = 0x20010000
                0x0000000000001000                _HEAP_SIZE = 0x1000
                0x0000000000001000                _STACK_SIZE = 0x1000

.isr_vector     0x0000000008000000       0xd4
                0x0000000008000000                . = ALIGN (0x4)
 *(.isr_vector)
 .isr_vector    0x0000000008000000       0xd4 out/startup_cm4.o
                0x0000000008000000                g_pfnVectors
                0x00000000080000d4                . = ALIGN (0x4)

.text           0x00000000080000d8     0x2714
                0x00000000080000d8                . = ALIGN (0x4)
 *(.text)
 .text          0x00000000080000d8       0x88 /usr/lib/gcc/arm-none-eabi/10.3.1/thumb/v7e-m/nofp/crtbegin.o
 .text          0x0000000008000160      0x378 /usr/lib/gcc/arm-none-eabi/10.3.1/thumb/v7e-m/nofp/libgcc.a(_arm_addsubdf3.o)
                0x0000000008000160                __aeabi_drsub
                0x0000000008000168                __aeabi_dsub
                0x0000000008000168                __subdf3
                0x000000000800016c                __adddf3
                0x000000000800016c                __aeabi_dadd
                0x00000000080003e4                __aeabi_ui2d
                0x00000000080003e4                __floatunsidf
                0x0000000008000404                __floatsidf
                0x0000000008000404                __aeabi_i2d
                0x0000000008000428                __extendsfdf2
                0x0000000008000428                __aeabi_f2d
                0x000000000800046c                __aeabi_ul2d
                0x000000000800046c                __floatundidf
                0x000000000800047c                __floatdidf
                0x000000000800047c                __aeabi_l2d
 .text          0x00000000080004d8      0x424 /usr/lib/gcc/arm-none-eabi/10.3.1/thumb/v7e-m/nofp/libgcc.a(_arm_muldivdf3.o)
                0x00000000080004d8                __aeabi_dmul
                0x00000000080004d8                __muldf3
                0x000000000800072c                __aeabi_ddiv
                0x000000000800072c                __divdf3
 .text          0x00000000080008fc      0x110 /usr/lib/gcc/arm-none-eabi/10.3.1/thumb/v7e-m/nofp/libgcc.a(_arm_cmpdf2.o)
                0x00000000080008fc                __gtdf2
                0x00000000080008fc                __gedf2
                0x0000000008000904                __ltdf2
                0x0000000008000904                __ledf2
                0x000000000800090c                __cmpdf2
                0x000000000800090c                __eqdf2
                0x000000000800090c                __nedf2
                0x0000000008000988                __aeabi_cdrcmple
                0x0000000008000998                __aeabi_cdcmple
                0x0000000008000998                __aeabi_cdcmpeq
                0x00000000080009a8                __aeabi_dcmpeq
                0x00000000080009bc                __aeabi_dcmplt
                0x00000000080009d0                __aeabi_dcmple
                0x00000000080009e4                __aeabi_dcmpge
                0x00000000080009f8                __aeabi_dcmpgt
 .text          0x0000000008000a0c       0x50 /usr/lib/gcc/arm-none-eabi/10.3.1/thumb/v7e-m/nofp/libgcc.a(_arm_fixdfsi.o)
                0x0000000008000a0c                __fixdfsi
                0x0000000008000a0c                __aeabi_d2iz
 .text          0x0000000008000a5c       0x40 /usr/lib/gcc/arm-none-eabi/10.3.1/thumb/v7e-m/nofp/libgcc.a(_arm_fixunsdfsi.o)
                0x0000000008000a5c                __fixunsdfsi
                0x0000000008000a5c                __aeabi_d2uiz
 .text          0x0000000008000a9c       0x30 /usr/lib/gcc/arm-none-eabi/10.3.1/thumb/v7e-m/nofp/libgcc.a(_aeabi_uldivmod.o)
                0x0000000008000a9c                __aeabi_uldivmod
 .text          0x0000000008000acc      0x2d0 /usr/lib/gcc/arm-none-eabi/10.3.1/thumb/v7e-m/nofp/libgcc.a(_udivmoddi4.o)
                0x0000000008000acc                __udivmoddi4
 .text          0x0000000008000d9c        0x4 /usr/lib/gcc/arm-none-eabi/10.3.1/thumb/v7e-m/nofp/libgcc.a(_dvmd_tls.o)
                0x0000000008000d9c                __aeabi_ldiv0
                0x0000000008000d9c                __aeabi_idiv0
 .text          0x0000000008000da0        0xc /usr/lib/gcc/arm-none-eabi/10.3.1/../../../arm-none-eabi/lib/thumb/v7e-m/nofp/libc.a(lib_a-atexit.o)
                0x0000000008000da0                atexit
 .text          0x0000000008000dac       0x2c /usr/lib/gcc/arm-none-eabi/10.3.1/../../../arm-none-eabi/lib/thumb/v7e-m/nofp/libc.a(lib_a-fini.o)
                0x0000000008000dac                __libc_fini_array
 .text          0x0000000008000dd8       0x48 /usr/lib/gcc/arm-none-eabi/10.3.1/../../../arm-none-eabi/lib/thumb/v7e-m/nofp/libc.a(lib_a-init.o)
                0x0000000008000dd8                __libc_init_array
 .text          0x0000000008000e20       0x68 /usr/lib/gcc/arm-none-eabi/10.3.1/../../../arm-none-eabi/lib/thumb/v7e-m/nofp/libc.a(lib_a-__atexit.o)
                0x0000000008000e20                __register_exitproc
 *(.text*)
 .text.boardInitMcu
                0x0000000008000e88        0x2 out/board.o
                0x0000000008000e88                boardInitMcu
 *fill*         0x0000000008000e8a        0x2 
 .text.boardInitGpio
                0x0000000008000e8c       0x28 out/board.o
                0x0000000008000e8c                boardInitGpio
 .text.boardInitUart
                0x0000000008000eb4       0x30 out/board.o
                0x0000000008000eb4                boardInitUart
 .text.boardInitTimer
                0x0000000008000ee4       0x58 out/board.o
                0x0000000008000ee4                boardInitTimer
 .text.boardInitPeriph
                0x0000000008000f3c       0x18 out/board.o
                0x0000000008000f3c                boardInitPeriph
 .text.delayMs  0x0000000008000f54       0x2c out/delay.o
                0x0000000008000f54                delayMs
 .text.BSTIMER0_IRQHandler
                0x0000000008000f80       0x20 out/delay.o
                0x0000000008000f80                BSTIMER0_IRQHandler
 .text.startup.main
                0x0000000008000fa0       0x24 out/main.o
                0x0000000008000fa0                main
 .text.NMI_Handler
                0x0000000008000fc4        0x2 out/tremo_it.o
                0x0000000008000fc4                NMI_Handler
 .text.HardFault_Handler
                0x0000000008000fc6        0x2 out/tremo_it.o
                0x0000000008000fc6                HardFault_Handler
 .text.MemManage_Handler
                0x0000000008000fc8        0x2 out/tremo_it.o
                0x0000000008000fc8                MemManage_Handler
 .text.BusFault_Handler
                0x0000000008000fca        0x2 out/tremo_it.o
                0x0000000008000fca                BusFault_Handler
 .text.UsageFault_Handler
                0x0000000008000fcc        0x2 out/tremo_it.o
                0x0000000008000fcc                UsageFault_Handler
 .text.SVC_Handler
                0x0000000008000fce        0x2 out/tremo_it.o
                0x0000000008000fce                SVC_Handler
 .text.PendSV_Handler
                0x0000000008000fd0        0x2 out/tremo_it.o
                0x0000000008000fd0                PendSV_Handler
 .text.SysTick_Handler
                0x0000000008000fd2        0x2 out/tremo_it.o
                0x0000000008000fd2                SysTick_Handler
 .text.PWR_IRQHandler
                0x0000000008000fd4        0x2 out/tremo_it.o
                0x0000000008000fd4                PWR_IRQHandler
 .text._out_null
                0x0000000008000fd6        0x2 out/printf-stdarg.o
 .text._out_rev
                0x0000000008000fd8       0x86 out/printf-stdarg.o
 .text._ntoa_format
                0x000000000800105e      0x10a out/printf-stdarg.o
 .text._ntoa_long
                0x0000000008001168       0x84 out/printf-stdarg.o
 .text._ntoa_long_long
                0x00000000080011ec       0xb6 out/printf-stdarg.o
 *fill*         0x00000000080012a2        0x6 
 .text._etoa    0x00000000080012a8      0x394 out/printf-stdarg.o
 *fill*         0x000000000800163c        0x4 
 .text._ftoa    0x0000000008001640      0x358 out/printf-stdarg.o
 .text._out_char
                0x0000000008001998       0x10 out/printf-stdarg.o
 .text._vsnprintf
                0x00000000080019a8      0x548 out/printf-stdarg.o
 .text.__wrap_printf
                0x0000000008001ef0       0x28 out/printf-stdarg.o
                0x0000000008001ef0                __wrap_printf
 .text.nvic_init
                0x0000000008001f18       0x24 out/system_cm4.o
                0x0000000008001f18                nvic_init
 .text.system_init
                0x0000000008001f3c       0x44 out/system_cm4.o
                0x0000000008001f3c                system_init
 .text.bstimer_init
                0x0000000008001f80       0x28 out/tremo_bstimer.o
                0x0000000008001f80                bstimer_init
 .text.delay_init
                0x0000000008001fa8       0x48 out/tremo_delay.o
                0x0000000008001fa8                delay_init
 .text.gpio_set_iomux
                0x0000000008001ff0       0x44 out/tremo_gpio.o
                0x0000000008001ff0                gpio_set_iomux
 .text.rcc_get_clk_freq
                0x0000000008002034       0x9c out/tremo_rcc.o
                0x0000000008002034                rcc_get_clk_freq
 .text.rcc_get_uart0_clk_source
                0x00000000080020d0        0xc out/tremo_rcc.o
                0x00000000080020d0                rcc_get_uart0_clk_source
 .text.rcc_get_uart1_clk_source
                0x00000000080020dc        0xc out/tremo_rcc.o
                0x00000000080020dc                rcc_get_uart1_clk_source
 .text.rcc_get_uart2_clk_source
                0x00000000080020e8        0xc out/tremo_rcc.o
                0x00000000080020e8                rcc_get_uart2_clk_source
 .text.rcc_get_uart3_clk_source
                0x00000000080020f4        0xc out/tremo_rcc.o
                0x00000000080020f4                rcc_get_uart3_clk_source
 .text.rcc_enable_peripheral_clk
                0x0000000008002100      0x4fe out/tremo_rcc.o
                0x0000000008002100                rcc_enable_peripheral_clk
 .text.uart_send_data
                0x00000000080025fe        0xa out/tremo_uart.o
                0x00000000080025fe                uart_send_data
 .text.uart_config_init
                0x0000000008002608       0x18 out/tremo_uart.o
                0x0000000008002608                uart_config_init
 .text.uart_cmd
                0x0000000008002620       0x12 out/tremo_uart.o
                0x0000000008002620                uart_cmd
 *fill*         0x0000000008002632        0x2 
 .text.uart_init
                0x0000000008002634      0x140 out/tremo_uart.o
                0x0000000008002634                uart_init
 .text.Reset_Handler
                0x0000000008002774       0x48 out/startup_cm4.o
                0x0000000008002774                Reset_Handler
 .text.Default_Handler
                0x00000000080027bc        0x2 out/startup_cm4.o
                0x00000000080027bc                GPIO_IRQHandler
                0x00000000080027bc                SCC_IRQHandler
                0x00000000080027bc                TIMER2_IRQHandler
                0x00000000080027bc                EFC_IRQHandler
                0x00000000080027bc                I2C0_IRQHandler
                0x00000000080027bc                SAC_IRQHandler
                0x00000000080027bc                I2C1_IRQHandler
                0x00000000080027bc                UART1_IRQHandler
                0x00000000080027bc                TIMER3_IRQHandler
                0x00000000080027bc                UART0_IRQHandler
                0x00000000080027bc                SEC_IRQHandler
                0x00000000080027bc                WDG_IRQHandler
                0x00000000080027bc                LPTIMER1_IRQHandler
                0x00000000080027bc                LPTIMER0_IRQHandler
                0x00000000080027bc                SSP0_IRQHandler
                0x00000000080027bc                I2S_IRQHandler
                0x00000000080027bc                I2C2_IRQHandler
                0x00000000080027bc                RTC_IRQHandler
                0x00000000080027bc                TIMER0_IRQHandler
                0x00000000080027bc                LCD_IRQHandler
                0x00000000080027bc                LPUART_IRQHandler
                0x00000000080027bc                TIMER1_IRQHandler
                0x00000000080027bc                UART2_IRQHandler
                0x00000000080027bc                Default_Handler
                0x00000000080027bc                ADC_IRQHandler
                0x00000000080027bc                SSP1_IRQHandler
                0x00000000080027bc                DMA0_IRQHandler
                0x00000000080027bc                LORA_IRQHandler
                0x00000000080027bc                IWDG_IRQHandler
                0x00000000080027bc                SSP2_IRQHandler
                0x00000000080027bc                BSTIMER1_IRQHandler
                0x00000000080027bc                DAC_IRQHandler
                0x00000000080027bc                AFEC_IRQHandler
                0x00000000080027bc                UART3_IRQHandler
                0x00000000080027bc                QSPI_IRQHandler
                0x00000000080027bc                DMA1_IRQHandler
 *fill*         0x00000000080027be        0x2 
 .text.startup  0x00000000080027c0       0x14 /usr/lib/gcc/arm-none-eabi/10.3.1/../../../arm-none-eabi/lib/thumb/v7e-m/nofp/libc.a(lib_a-__call_atexit.o)
 *(.glue_7)
 .glue_7        0x00000000080027d4        0x0 linker stubs
 *(.glue_7t)
 .glue_7t       0x00000000080027d4        0x0 linker stubs
 *(.eh_frame)
 .eh_frame      0x00000000080027d4        0x0 /usr/lib/gcc/arm-none-eabi/10.3.1/thumb/v7e-m/nofp/crtbegin.o
 *(.init)
 .init          0x00000000080027d4        0x4 /usr/lib/gcc/arm-none-eabi/10.3.1/thumb/v7e-m/nofp/crti.o
                0x00000000080027d4                _init
 .init          0x00000000080027d8        0x8 /usr/lib/gcc/arm-none-eabi/10.3.1/thumb/v7e-m/nofp/crtn.o
 *(.fini)
 .fini          0x00000000080027e0        0x4 /usr/lib/gcc/arm-none-eabi/10.3.1/thumb/v7e-m/nofp/crti.o
                0x00000000080027e0                _fini
 .fini          0x00000000080027e4        0x8 /usr/lib/gcc/arm-none-eabi/10.3.1/thumb/v7e-m/nofp/crtn.o
                0x00000000080027ec                . = ALIGN (0x4)
                0x00000000080027ec                _etext = .

.vfp11_veneer   0x00000000080027ec        0x0
 .vfp11_veneer  0x00000000080027ec        0x0 linker stubs

.v4_bx          0x00000000080027ec        0x0
 .v4_bx         0x00000000080027ec        0x0 linker stubs

.iplt           0x00000000080027ec        0x0
 .iplt          0x00000000080027ec        0x0 /usr/lib/gcc/arm-none-eabi/10.3.1/thumb/v7e-m/nofp/crtbegin.o

.rodata         0x00000000080027f0       0x88
                0x00000000080027f0                . = ALIGN (0x4)
 *(.rodata)
 .rodata        0x00000000080027f0       0x50 out/printf-stdarg.o
 .rodata        0x0000000008002840        0xc out/tremo_uart.o
 .rodata        0x000000000800284c        0x4 /usr/lib/gcc/arm-none-eabi/10.3.1/../../../arm-none-eabi/lib/thumb/v7e-m/nofp/libc.a(lib_a-impure.o)
                0x000000000800284c                _global_impure_ptr
 *(.rodata*)
 .rodata.str1.1
                0x0000000008002850        0xf out/main.o
 .rodata.str1.1
                0x000000000800285f       0x19 out/printf-stdarg.o
                0x0000000008002878                . = ALIGN (0x4)

.ARM.extab
 *(.ARM.extab* .gnu.linkonce.armextab.*)

.ARM            0x0000000008002878        0x8
                0x0000000008002878                __exidx_start = .
 *(.ARM.exidx*)
 .ARM.exidx     0x0000000008002878        0x8 /usr/lib/gcc/arm-none-eabi/10.3.1/thumb/v7e-m/nofp/libgcc.a(_udivmoddi4.o)
                0x0000000008002880                __exidx_end = .

.rel.dyn        0x0000000008002880        0x0
 .rel.iplt      0x0000000008002880        0x0 /usr/lib/gcc/arm-none-eabi/10.3.1/thumb/v7e-m/nofp/crtbegin.o

.preinit_array  0x0000000008002880        0x0
                0x0000000008002880                PROVIDE (__preinit_array_start = .)
 *(.preinit_array*)
                0x0000000008002880                PROVIDE (__preinit_array_end = .)

.init_array     0x0000000008002880        0x8
                0x0000000008002880                PROVIDE (__init_array_start = .)
 *(SORT_BY_NAME(.init_array.*))
 .init_array.00000
                0x0000000008002880        0x4 /usr/lib/gcc/arm-none-eabi/10.3.1/../../../arm-none-eabi/lib/thumb/v7e-m/nofp/libc.a(lib_a-__call_atexit.o)
 *(.init_array*)
 .init_array    0x0000000008002884        0x4 /usr/lib/gcc/arm-none-eabi/10.3.1/thumb/v7e-m/nofp/crtbegin.o
                0x0000000008002888                PROVIDE (__init_array_end = .)

.fini_array     0x0000000008002888        0x4
                0x0000000008002888                PROVIDE (__fini_array_start = .)
 *(SORT_BY_NAME(.fini_array.*))
 *(.fini_array*)
 .fini_array    0x0000000008002888        0x4 /usr/lib/gcc/arm-none-eabi/10.3.1/thumb/v7e-m/nofp/crtbegin.o
                0x000000000800288c                PROVIDE (__fini_array_end = .)
                0x000000000800288c                _sidata = LOADADDR (.data)

.data           0x0000000020000000      0x430 load address 0x000000000800288c
                0x0000000020000000                . = ALIGN (0x4)
                0x0000000020000000                _sdata = .
 *(.data)
 .data          0x0000000020000000      0x430 /usr/lib/gcc/arm-none-eabi/10.3.1/../../../arm-none-eabi/lib/thumb/v7e-m/nofp/libc.a(lib_a-impure.o)
                0x0000000020000000                _impure_ptr
 *(.data*)
                0x0000000020000430                . = ALIGN (0x4)
                0x0000000020000430                _edata = .

.tm_clone_table
                0x0000000020000430        0x0 load address 0x0000000008002cbc
 .tm_clone_table
                0x0000000020000430        0x0 /usr/lib/gcc/arm-none-eabi/10.3.1/thumb/v7e-m/nofp/crtbegin.o
 .tm_clone_table
                0x0000000020000430        0x0 /usr/lib/gcc/arm-none-eabi/10.3.1/thumb/v7e-m/nofp/crtend.o

.igot.plt       0x0000000020000430        0x0 load address 0x0000000008002cbc
 .igot.plt      0x0000000020000430        0x0 /usr/lib/gcc/arm-none-eabi/10.3.1/thumb/v7e-m/nofp/crtbegin.o
                0x0000000020000430                . = ALIGN (0x4)

.bss            0x0000000020000430       0x24 load address 0x0000000008002cbc
                0x0000000020000430                _sbss = .
                0x0000000020000430                __bss_start__ = _sbss
 *(.bss)
 .bss           0x0000000020000430       0x1c /usr/lib/gcc/arm-none-eabi/10.3.1/thumb/v7e-m/nofp/crtbegin.o
 .bss           0x000000002000044c        0x4 out/delay.o
                0x000000002000044c                delay_data
 .bss           0x0000000020000450        0x1 out/tremo_delay.o
 *(.bss*)
 *(COMMON)
                0x0000000020000454                . = ALIGN (0x4)
 *fill*         0x0000000020000451        0x3 
                0x0000000020000454                _ebss = .
                0x0000000020000454                __bss_end__ = _ebss

.heap           0x0000000020000454     0x1000 load address 0x0000000008002cbc
                0x0000000020000454                . = ALIGN (0x4)
                0x0000000020000454                _heap_bottom = .
                0x0000000020000454                end = _heap_bottom
                0x0000000020000454                _end = end
                0x0000000020000454                __end = end
                0x0000000020001454                . = (. + _HEAP_SIZE)
 *fill*         0x0000000020000454     0x1000 
                0x0000000020001454                _heap_top = .

.stack          0x0000000020001454     0x1000 load address 0x0000000008002cbc
                0x0000000020001454                . = ALIGN (0x4)
                0x0000000020001454                _stack_bottom = .
                0x0000000020002454                . = (. + _STACK_SIZE)
 *fill*         0x0000000020001454     0x1000 
                0x0000000020002454                _stack_top = .

/DISCARD/
 libc.a(*)
 libm.a(*)
 libgcc.a(*)

.ARM.attributes
                0x0000000000000000       0x2e
 *(.ARM.attributes)
 .ARM.attributes
                0x0000000000000000       0x1e /usr/lib/gcc/arm-none-eabi/10.3.1/thumb/v7e-m/nofp/crti.o
 .ARM.attributes
                0x000000000000001e       0x2e /usr/lib/gcc/arm-none-eabi/10.3.1/thumb/v7e-m/nofp/crtbegin.o
 .ARM.attributes
                0x000000000000004c       0x32 out/board.o
 .ARM.attributes
                0x000000000000007e       0x32 out/delay.o
 .ARM.attributes
                0x00000000000000b0       0x32 out/main.o
 .ARM.attributes
                0x00000000000000e2       0x32 out/tremo_it.o
 .ARM.attributes
                0x0000000000000114       0x32 out/printf-stdarg.o
 .ARM.attributes
                0x0000000000000146       0x32 out/system_cm4.o
 .ARM.attributes
                0x0000000000000178       0x32 out/tremo_bstimer.o
 .ARM.attributes
                0x00000000000001aa       0x32 out/tremo_delay.o
 .ARM.attributes
                0x00000000000001dc       0x32 out/tremo_gpio.o
 .ARM.attributes
                0x000000000000020e       0x32 out/tremo_rcc.o
 .ARM.attributes
                0x0000000000000240       0x32 out/tremo_uart.o
 .ARM.attributes
                0x0000000000000272       0x21 out/startup_cm4.o
 .ARM.attributes
                0x0000000000000293       0x1e /usr/lib/gcc/arm-none-eabi/10.3.1/thumb/v7e-m/nofp/libgcc.a(_arm_addsubdf3.o)
 .ARM.attributes
                0x00000000000002b1       0x1e /usr/lib/gcc/arm-none-eabi/10.3.1/thumb/v7e-m/nofp/libgcc.a(_arm_muldivdf3.o)
 .ARM.attributes
                0x00000000000002cf       0x1e /usr/lib/gcc/arm-none-eabi/10.3.1/thumb/v7e-m/nofp/libgcc.a(_arm_cmpdf2.o)
 .ARM.attributes
                0x00000000000002ed       0x1e /usr/lib/gcc/arm-none-eabi/10.3.1/thumb/v7e-m/nofp/libgcc.a(_arm_fixdfsi.o)
 .ARM.attributes
                0x000000000000030b       0x1e /usr/lib/gcc/arm-none-eabi/10.3.1/thumb/v7e-m/nofp/libgcc.a(_arm_fixunsdfsi.o)
 .ARM.attributes
                0x0000000000000329       0x1e /usr/lib/gcc/arm-none-eabi/10.3.1/thumb/v7e-m/nofp/libgcc.a(_aeabi_uldivmod.o)
 .ARM.attributes
                0x0000000000000347       0x2e /usr/lib/gcc/arm-none-eabi/10.3.1/thumb/v7e-m/nofp/libgcc.a(_udivmoddi4.o)
 .ARM.attributes
                0x0000000000000375       0x1e /usr/lib/gcc/arm-none-eabi/10.3.1/thumb/v7e-m/nofp/libgcc.a(_dvmd_tls.o)
 .ARM.attributes
                0x0000000000000393       0x2e /usr/lib/gcc/arm-none-eabi/10.3.1/../../../arm-none-eabi/lib/thumb/v7e-m/nofp/libc.a(lib_a-atexit.o)
 .ARM.attributes
                0x00000000000003c1       0x2e /usr/lib/gcc/arm-none-eabi/10.3.1/../../../arm-none-eabi/lib/thumb/v7e-m/nofp/libc.a(lib_a-fini.o)
 .ARM.attributes
                0x00000000000003ef       0x2e /usr/lib/gcc/arm-none-eabi/10.3.1/../../../arm-none-eabi/lib/thumb/v7e-m/nofp/libc.a(lib_a-impure.o)
 .ARM.attributes
                0x000000000000041d       0x2e /usr/lib/gcc/arm-none-eabi/10.3.1/../../../arm-none-eabi/lib/thumb/v7e-m/nofp/libc.a(lib_a-init.o)
 .ARM.attributes
                0x000000000000044b       0x2e /usr/lib/gcc/arm-none-eabi/10.3.1/../../../arm-none-eabi/lib/thumb/v7e-m/nofp/libc.a(lib_a-__atexit.o)
 .ARM.attributes
                0x0000000000000479       0x2e /usr/lib/gcc/arm-none-eabi/10.3.1/../../../arm-none-eabi/lib/thumb/v7e-m/nofp/libc.a(lib_a-__call_atexit.o)
 .ARM.attributes
                0x00000000000004a7       0x2e /usr/lib/gcc/arm-none-eabi/10.3.1/thumb/v7e-m/nofp/crtend.o
 .ARM.attributes
                0x00000000000004d5       0x1e /usr/lib/gcc/arm-none-eabi/10.3.1/thumb/v7e-m/nofp/crtn.o
OUTPUT(out/uart.elf elf32-littlearm)
LOAD linker stubs
LOAD /usr/lib/gcc/arm-none-eabi/10.3.1/../../../arm-none-eabi/lib/thumb/v7e-m/nofp/libc.a
LOAD /usr/lib/gcc/arm-none-eabi/10.3.1/../../../arm-none-eabi/lib/thumb/v7e-m/nofp/libm.a
LOAD /usr/lib/gcc/arm-none-eabi/10.3.1/thumb/v7e-m/nofp/libgcc.a

.comment        0x0000000000000000       0x33
 .comment       0x0000000000000000       0x33 /usr/lib/gcc/arm-none-eabi/10.3.1/thumb/v7e-m/nofp/crtbegin.o
                                         0x34 (size before relaxing)
 .comment       0x0000000000000033       0x34 out/board.o
 .comment       0x0000000000000033       0x34 out/delay.o
 .comment       0x0000000000000033       0x34 out/main.o
 .comment       0x0000000000000033       0x34 out/tremo_it.o
 .comment       0x0000000000000033       0x34 out/printf-stdarg.o
 .comment       0x0000000000000033       0x34 out/system_cm4.o
 .comment       0x0000000000000033       0x34 out/tremo_bstimer.o
 .comment       0x0000000000000033       0x34 out/tremo_delay.o
 .comment       0x0000000000000033       0x34 out/tremo_gpio.o
 .comment       0x0000000000000033       0x34 out/tremo_rcc.o
 .comment       0x0000000000000033       0x34 out/tremo_uart.o
 .comment       0x0000000000000033       0x34 /usr/lib/gcc/arm-none-eabi/10.3.1/thumb/v7e-m/nofp/libgcc.a(_udivmoddi4.o)
 .comment       0x0000000000000033       0x34 /usr/lib/gcc/arm-none-eabi/10.3.1/../../../arm-none-eabi/lib/thumb/v7e-m/nofp/libc.a(lib_a-atexit.o)
 .comment       0x0000000000000033       0x34 /usr/lib/gcc/arm-none-eabi/10.3.1/../../../arm-none-eabi/lib/thumb/v7e-m/nofp/libc.a(lib_a-fini.o)
 .comment       0x0000000000000033       0x34 /usr/lib/gcc/arm-none-eabi/10.3.1/../../../arm-none-eabi/lib/thumb/v7e-m/nofp/libc.a(lib_a-impure.o)
 .comment       0x0000000000000033       0x34 /usr/lib/gcc/arm-none-eabi/10.3.1/../../../arm-none-eabi/lib/thumb/v7e-m/nofp/libc.a(lib_a-init.o)
 .comment       0x0000000000000033       0x34 /usr/lib/gcc/arm-none-eabi/10.3.1/../../../arm-none-eabi/lib/thumb/v7e-m/nofp/libc.a(lib_a-__atexit.o)
 .comment       0x0000000000000033       0x34 /usr/lib/gcc/arm-none-eabi/10.3.1/../../../arm-none-eabi/lib/thumb/v7e-m/nofp/libc.a(lib_a-__call_atexit.o)
 .comment       0x0000000000000033       0x34 /usr/lib/gcc/arm-none-eabi/10.3.1/thumb/v7e-m/nofp/crtend.o

.debug_line     0x0000000000000000     0x133b
 .debug_line    0x0000000000000000      0x186 /usr/lib/gcc/arm-none-eabi/10.3.1/thumb/v7e-m/nofp/libgcc.a(_arm_addsubdf3.o)
 .debug_line    0x0000000000000186      0x19b /usr/lib/gcc/arm-none-eabi/10.3.1/thumb/v7e-m/nofp/libgcc.a(_arm_muldivdf3.o)
 .debug_line    0x0000000000000321       0xbd /usr/lib/gcc/arm-none-eabi/10.3.1/thumb/v7e-m/nofp/libgcc.a(_arm_cmpdf2.o)
 .debug_line    0x00000000000003de       0x79 /usr/lib/gcc/arm-none-eabi/10.3.1/thumb/v7e-m/nofp/libgcc.a(_arm_fixdfsi.o)
 .debug_line    0x0000000000000457       0x75 /usr/lib/gcc/arm-none-eabi/10.3.1/thumb/v7e-m/nofp/libgcc.a(_arm_fixunsdfsi.o)
 .debug_line    0x00000000000004cc       0x60 /usr/lib/gcc/arm-none-eabi/10.3.1/thumb/v7e-m/nofp/libgcc.a(_aeabi_uldivmod.o)
 .debug_line    0x000000000000052c      0x5b4 /usr/lib/gcc/arm-none-eabi/10.3.1/thumb/v7e-m/nofp/libgcc.a(_udivmoddi4.o)
 .debug_line    0x0000000000000ae0       0x60 /usr/lib/gcc/arm-none-eabi/10.3.1/thumb/v7e-m/nofp/libgcc.a(_dvmd_tls.o)
 .debug_line    0x0000000000000b40       0xc0 /usr/lib/gcc/arm-none-eabi/10.3.1/../../../arm-none-eabi/lib/thumb/v7e-m/nofp/libc.a(lib_a-atexit.o)
 .debug_line    0x0000000000000c00       0xed /usr/lib/gcc/arm-none-eabi/10.3.1/../../../arm-none-eabi/lib/thumb/v7e-m/nofp/libc.a(lib_a-fini.o)
 .debug_line    0x0000000000000ced       0xe4 /usr/lib/gcc/arm-none-eabi/10.3.1/../../../arm-none-eabi/lib/thumb/v7e-m/nofp/libc.a(lib_a-impure.o)
 .debug_line    0x0000000000000dd1      0x138 /usr/lib/gcc/arm-none-eabi/10.3.1/../../../arm-none-eabi/lib/thumb/v7e-m/nofp/libc.a(lib_a-init.o)
 .debug_line    0x0000000000000f09      0x19e /usr/lib/gcc/arm-none-eabi/10.3.1/../../../arm-none-eabi/lib/thumb/v7e-m/nofp/libc.a(lib_a-__atexit.o)
 .debug_line    0x00000000000010a7      0x294 /usr/lib/gcc/arm-none-eabi/10.3.1/../../../arm-none-eabi/lib/thumb/v7e-m/nofp/libc.a(lib_a-__call_atexit.o)

.debug_info     0x0000000000000000     0x2854
 .debug_info    0x0000000000000000       0x26 /usr/lib/gcc/arm-none-eabi/10.3.1/thumb/v7e-m/nofp/libgcc.a(_arm_addsubdf3.o)
 .debug_info    0x0000000000000026       0x26 /usr/lib/gcc/arm-none-eabi/10.3.1/thumb/v7e-m/nofp/libgcc.a(_arm_muldivdf3.o)
 .debug_info    0x000000000000004c       0x26 /usr/lib/gcc/arm-none-eabi/10.3.1/thumb/v7e-m/nofp/libgcc.a(_arm_cmpdf2.o)
 .debug_info    0x0000000000000072       0x26 /usr/lib/gcc/arm-none-eabi/10.3.1/thumb/v7e-m/nofp/libgcc.a(_arm_fixdfsi.o)
 .debug_info    0x0000000000000098       0x26 /usr/lib/gcc/arm-none-eabi/10.3.1/thumb/v7e-m/nofp/libgcc.a(_arm_fixunsdfsi.o)
 .debug_info    0x00000000000000be       0x26 /usr/lib/gcc/arm-none-eabi/10.3.1/thumb/v7e-m/nofp/libgcc.a(_aeabi_uldivmod.o)
 .debug_info    0x00000000000000e4      0x717 /usr/lib/gcc/arm-none-eabi/10.3.1/thumb/v7e-m/nofp/libgcc.a(_udivmoddi4.o)
 .debug_info    0x00000000000007fb       0x26 /usr/lib/gcc/arm-none-eabi/10.3.1/thumb/v7e-m/nofp/libgcc.a(_dvmd_tls.o)
 .debug_info    0x0000000000000821      0x100 /usr/lib/gcc/arm-none-eabi/10.3.1/../../../arm-none-eabi/lib/thumb/v7e-m/nofp/libc.a(lib_a-atexit.o)
 .debug_info    0x0000000000000921      0x102 /usr/lib/gcc/arm-none-eabi/10.3.1/../../../arm-none-eabi/lib/thumb/v7e-m/nofp/libc.a(lib_a-fini.o)
 .debug_info    0x0000000000000a23      0x92a /usr/lib/gcc/arm-none-eabi/10.3.1/../../../arm-none-eabi/lib/thumb/v7e-m/nofp/libc.a(lib_a-impure.o)
 .debug_info    0x000000000000134d      0x11a /usr/lib/gcc/arm-none-eabi/10.3.1/../../../arm-none-eabi/lib/thumb/v7e-m/nofp/libc.a(lib_a-init.o)
 .debug_info    0x0000000000001467      0x9b0 /usr/lib/gcc/arm-none-eabi/10.3.1/../../../arm-none-eabi/lib/thumb/v7e-m/nofp/libc.a(lib_a-__atexit.o)
 .debug_info    0x0000000000001e17      0xa3d /usr/lib/gcc/arm-none-eabi/10.3.1/../../../arm-none-eabi/lib/thumb/v7e-m/nofp/libc.a(lib_a-__call_atexit.o)

.debug_abbrev   0x0000000000000000      0xaea
 .debug_abbrev  0x0000000000000000       0x14 /usr/lib/gcc/arm-none-eabi/10.3.1/thumb/v7e-m/nofp/libgcc.a(_arm_addsubdf3.o)
 .debug_abbrev  0x0000000000000014       0x14 /usr/lib/gcc/arm-none-eabi/10.3.1/thumb/v7e-m/nofp/libgcc.a(_arm_muldivdf3.o)
 .debug_abbrev  0x0000000000000028       0x14 /usr/lib/gcc/arm-none-eabi/10.3.1/thumb/v7e-m/nofp/libgcc.a(_arm_cmpdf2.o)
 .debug_abbrev  0x000000000000003c       0x14 /usr/lib/gcc/arm-none-eabi/10.3.1/thumb/v7e-m/nofp/libgcc.a(_arm_fixdfsi.o)
 .debug_abbrev  0x0000000000000050       0x14 /usr/lib/gcc/arm-none-eabi/10.3.1/thumb/v7e-m/nofp/libgcc.a(_arm_fixunsdfsi.o)
 .debug_abbrev  0x0000000000000064       0x14 /usr/lib/gcc/arm-none-eabi/10.3.1/thumb/v7e-m/nofp/libgcc.a(_aeabi_uldivmod.o)
 .debug_abbrev  0x0000000000000078      0x163 /usr/lib/gcc/arm-none-eabi/10.3.1/thumb/v7e-m/nofp/libgcc.a(_udivmoddi4.o)
 .debug_abbrev  0x00000000000001db       0x14 /usr/lib/gcc/arm-none-eabi/10.3.1/thumb/v7e-m/nofp/libgcc.a(_dvmd_tls.o)
 .debug_abbrev  0x00000000000001ef       0xb7 /usr/lib/gcc/arm-none-eabi/10.3.1/../../../arm-none-eabi/lib/thumb/v7e-m/nofp/libc.a(lib_a-atexit.o)
 .debug_abbrev  0x00000000000002a6       0xcf /usr/lib/gcc/arm-none-eabi/10.3.1/../../../arm-none-eabi/lib/thumb/v7e-m/nofp/libc.a(lib_a-fini.o)
 .debug_abbrev  0x0000000000000375      0x1b8 /usr/lib/gcc/arm-none-eabi/10.3.1/../../../arm-none-eabi/lib/thumb/v7e-m/nofp/libc.a(lib_a-impure.o)
 .debug_abbrev  0x000000000000052d       0xcc /usr/lib/gcc/arm-none-eabi/10.3.1/../../../arm-none-eabi/lib/thumb/v7e-m/nofp/libc.a(lib_a-init.o)
 .debug_abbrev  0x00000000000005f9      0x23f /usr/lib/gcc/arm-none-eabi/10.3.1/../../../arm-none-eabi/lib/thumb/v7e-m/nofp/libc.a(lib_a-__atexit.o)
 .debug_abbrev  0x0000000000000838      0x2b2 /usr/lib/gcc/arm-none-eabi/10.3.1/../../../arm-none-eabi/lib/thumb/v7e-m/nofp/libc.a(lib_a-__call_atexit.o)

.debug_aranges  0x0000000000000000      0x1c0
 .debug_aranges
                0x0000000000000000       0x20 /usr/lib/gcc/arm-none-eabi/10.3.1/thumb/v7e-m/nofp/libgcc.a(_arm_addsubdf3.o)
 .debug_aranges
                0x0000000000000020       0x20 /usr/lib/gcc/arm-none-eabi/10.3.1/thumb/v7e-m/nofp/libgcc.a(_arm_muldivdf3.o)
 .debug_aranges
                0x0000000000000040       0x20 /usr/lib/gcc/arm-none-eabi/10.3.1/thumb/v7e-m/nofp/libgcc.a(_arm_cmpdf2.o)
 .debug_aranges
                0x0000000000000060       0x20 /usr/lib/gcc/arm-none-eabi/10.3.1/thumb/v7e-m/nofp/libgcc.a(_arm_fixdfsi.o)
 .debug_aranges
                0x0000000000000080       0x20 /usr/lib/gcc/arm-none-eabi/10.3.1/thumb/v7e-m/nofp/libgcc.a(_arm_fixunsdfsi.o)
 .debug_aranges
                0x00000000000000a0       0x20 /usr/lib/gcc/arm-none-eabi/10.3.1/thumb/v7e-m/nofp/libgcc.a(_aeabi_uldivmod.o)
 .debug_aranges
                0x00000000000000c0       0x20 /usr/lib/gcc/arm-none-eabi/10.3.1/thumb/v7e-m/nofp/libgcc.a(_udivmoddi4.o)
 .debug_aranges
                0x00000000000000e0       0x20 /usr/lib/gcc/arm-none-eabi/10.3.1/thumb/v7e-m/nofp/libgcc.a(_dvmd_tls.o)
 .debug_aranges
                0x0000000000000100       0x20 /usr/lib/gcc/arm-none-eabi/10.3.1/../../../arm-none-eabi/lib/thumb/v7e-m/nofp/libc.a(lib_a-atexit.o)
 .debug_aranges
                0x0000000000000120       0x20 /usr/lib/gcc/arm-none-eabi/10.3.1/../../../arm-none-eabi/lib/thumb/v7e-m/nofp/libc.a(lib_a-fini.o)
 .debug_aranges
                0x0000000000000140       0x18 /usr/lib/gcc/arm-none-eabi/10.3.1/../../../arm-none-eabi/lib/thumb/v7e-m/nofp/libc.a(lib_a-impure.o)
 .debug_aranges
                0x0000000000000158       0x20 /usr/lib/gcc/arm-none-eabi/10.3.1/../../../arm-none-eabi/lib/thumb/v7e-m/nofp/libc.a(lib_a-init.o)
 .debug_aranges
                0x0000000000000178       0x20 /usr/lib/gcc/arm-none-eabi/10.3.1/../../../arm-none-eabi/lib/thumb/v7e-m/nofp/libc.a(lib_a-__atexit.o)
 .debug_aranges
                0x0000000000000198       0x28 /usr/lib/gcc/arm-none-eabi/10.3.1/../../../arm-none-eabi/lib/thumb/v7e-m/nofp/libc.a(lib_a-__call_atexit.o)

.debug_str      0x0000000000000000      0xe50
 .debug_str     0x0000000000000000       0xa8 /usr/lib/gcc/arm-none-eabi/10.3.1/thumb/v7e-m/nofp/libgcc.a(_arm_addsubdf3.o)
 .debug_str     0x00000000000000a8       0xa8 /usr/lib/gcc/arm-none-eabi/10.3.1/thumb/v7e-m/nofp/libgcc.a(_arm_muldivdf3.o)
 .debug_str     0x00000000000000a8       0xa8 /usr/lib/gcc/arm-none-eabi/10.3.1/thumb/v7e-m/nofp/libgcc.a(_arm_cmpdf2.o)
 .debug_str     0x00000000000000a8       0xa8 /usr/lib/gcc/arm-none-eabi/10.3.1/thumb/v7e-m/nofp/libgcc.a(_arm_fixdfsi.o)
 .debug_str     0x00000000000000a8       0xa8 /usr/lib/gcc/arm-none-eabi/10.3.1/thumb/v7e-m/nofp/libgcc.a(_arm_fixunsdfsi.o)
 .debug_str     0x00000000000000a8       0x2c /usr/lib/gcc/arm-none-eabi/10.3.1/thumb/v7e-m/nofp/libgcc.a(_aeabi_uldivmod.o)
                                         0xa3 (size before relaxing)
 .debug_str     0x00000000000000d4      0x59d /usr/lib/gcc/arm-none-eabi/10.3.1/thumb/v7e-m/nofp/libgcc.a(_udivmoddi4.o)
                                        0x641 (size before relaxing)
 .debug_str     0x0000000000000671       0x30 /usr/lib/gcc/arm-none-eabi/10.3.1/thumb/v7e-m/nofp/libgcc.a(_dvmd_tls.o)
                                         0xa7 (size before relaxing)
 .debug_str     0x00000000000006a1      0x142 /usr/lib/gcc/arm-none-eabi/10.3.1/../../../arm-none-eabi/lib/thumb/v7e-m/nofp/libc.a(lib_a-atexit.o)
                                        0x1de (size before relaxing)
 .debug_str     0x00000000000007e3       0xc5 /usr/lib/gcc/arm-none-eabi/10.3.1/../../../arm-none-eabi/lib/thumb/v7e-m/nofp/libc.a(lib_a-fini.o)
                                        0x1d6 (size before relaxing)
 .debug_str     0x00000000000008a8      0x44a /usr/lib/gcc/arm-none-eabi/10.3.1/../../../arm-none-eabi/lib/thumb/v7e-m/nofp/libc.a(lib_a-impure.o)
                                        0x57c (size before relaxing)
 .debug_str     0x0000000000000cf2       0x96 /usr/lib/gcc/arm-none-eabi/10.3.1/../../../arm-none-eabi/lib/thumb/v7e-m/nofp/libc.a(lib_a-init.o)
                                        0x200 (size before relaxing)
 .debug_str     0x0000000000000d88       0x36 /usr/lib/gcc/arm-none-eabi/10.3.1/../../../arm-none-eabi/lib/thumb/v7e-m/nofp/libc.a(lib_a-__atexit.o)
                                        0x5b6 (size before relaxing)
 .debug_str     0x0000000000000dbe       0x92 /usr/lib/gcc/arm-none-eabi/10.3.1/../../../arm-none-eabi/lib/thumb/v7e-m/nofp/libc.a(lib_a-__call_atexit.o)
                                        0x5e2 (size before relaxing)

.debug_frame    0x0000000000000000      0x36c
 .debug_frame   0x0000000000000000       0xac /usr/lib/gcc/arm-none-eabi/10.3.1/thumb/v7e-m/nofp/libgcc.a(_arm_addsubdf3.o)
 .debug_frame   0x00000000000000ac       0x50 /usr/lib/gcc/arm-none-eabi/10.3.1/thumb/v7e-m/nofp/libgcc.a(_arm_muldivdf3.o)
 .debug_frame   0x00000000000000fc       0xc4 /usr/lib/gcc/arm-none-eabi/10.3.1/thumb/v7e-m/nofp/libgcc.a(_arm_cmpdf2.o)
 .debug_frame   0x00000000000001c0       0x24 /usr/lib/gcc/arm-none-eabi/10.3.1/thumb/v7e-m/nofp/libgcc.a(_arm_fixdfsi.o)
 .debug_frame   0x00000000000001e4       0x24 /usr/lib/gcc/arm-none-eabi/10.3.1/thumb/v7e-m/nofp/libgcc.a(_arm_fixunsdfsi.o)
 .debug_frame   0x0000000000000208       0x2c /usr/lib/gcc/arm-none-eabi/10.3.1/thumb/v7e-m/nofp/libgcc.a(_aeabi_uldivmod.o)
 .debug_frame   0x0000000000000234       0x34 /usr/lib/gcc/arm-none-eabi/10.3.1/thumb/v7e-m/nofp/libgcc.a(_udivmoddi4.o)
 .debug_frame   0x0000000000000268       0x20 /usr/lib/gcc/arm-none-eabi/10.3.1/../../../arm-none-eabi/lib/thumb/v7e-m/nofp/libc.a(lib_a-atexit.o)
 .debug_frame   0x0000000000000288       0x34 /usr/lib/gcc/arm-none-eabi/10.3.1/../../../arm-none-eabi/lib/thumb/v7e-m/nofp/libc.a(lib_a-fini.o)
 .debug_frame   0x00000000000002bc       0x2c /usr/lib/gcc/arm-none-eabi/10.3.1/../../../arm-none-eabi/lib/thumb/v7e-m/nofp/libc.a(lib_a-init.o)
 .debug_frame   0x00000000000002e8       0x34 /usr/lib/gcc/arm-none-eabi/10.3.1/../../../arm-none-eabi/lib/thumb/v7e-m/nofp/libc.a(lib_a-__atexit.o)
 .debug_frame   0x000000000000031c       0x50 /usr/lib/gcc/arm-none-eabi/10.3.1/../../../arm-none-eabi/lib/thumb/v7e-m/nofp/libc.a(lib_a-__call_atexit.o)

.debug_loc      0x0000000000000000     0x14ce
 .debug_loc     0x0000000000000000     0x1094 /usr/lib/gcc/arm-none-eabi/10.3.1/thumb/v7e-m/nofp/libgcc.a(_udivmoddi4.o)
 .debug_loc     0x0000000000001094       0x32 /usr/lib/gcc/arm-none-eabi/10.3.1/../../../arm-none-eabi/lib/thumb/v7e-m/nofp/libc.a(lib_a-atexit.o)
 .debug_loc     0x00000000000010c6       0x68 /usr/lib/gcc/arm-none-eabi/10.3.1/../../../arm-none-eabi/lib/thumb/v7e-m/nofp/libc.a(lib_a-fini.o)
 .debug_loc     0x000000000000112e       0xba /usr/lib/gcc/arm-none-eabi/10.3.1/../../../arm-none-eabi/lib/thumb/v7e-m/nofp/libc.a(lib_a-init.o)
 .debug_loc     0x00000000000011e8      0x138 /usr/lib/gcc/arm-none-eabi/10.3.1/../../../arm-none-eabi/lib/thumb/v7e-m/nofp/libc.a(lib_a-__atexit.o)
 .debug_loc     0x0000000000001320      0x1ae /usr/lib/gcc/arm-none-eabi/10.3.1/../../../arm-none-eabi/lib/thumb/v7e-m/nofp/libc.a(lib_a-__call_atexit.o)

.debug_ranges   0x0000000000000000      0x138
 .debug_ranges  0x0000000000000000       0xe8 /usr/lib/gcc/arm-none-eabi/10.3.1/thumb/v7e-m/nofp/libgcc.a(_udivmoddi4.o)
 .debug_ranges  0x00000000000000e8       0x50 /usr/lib/gcc/arm-none-eabi/10.3.1/../../../arm-none-eabi/lib/thumb/v7e-m/nofp/libc.a(lib_a-__call_atexit.o)
